Component: ARM Compiler 5.06 update 7 (build 960) Tool: armlink [4d3601]

==============================================================================

Section Cross References

    startup_stm32f10x_cl.o(RESET) refers to startup_stm32f10x_cl.o(STACK) for __initial_sp
    startup_stm32f10x_cl.o(RESET) refers to startup_stm32f10x_cl.o(.text) for Reset_Handler
    startup_stm32f10x_cl.o(RESET) refers to stm32f10x_it.o(i.NMI_Handler) for NMI_Handler
    startup_stm32f10x_cl.o(RESET) refers to stm32f10x_it.o(i.HardFault_Handler) for HardFault_Handler
    startup_stm32f10x_cl.o(RESET) refers to stm32f10x_it.o(i.MemManage_Handler) for MemManage_Handler
    startup_stm32f10x_cl.o(RESET) refers to stm32f10x_it.o(i.BusFault_Handler) for BusFault_Handler
    startup_stm32f10x_cl.o(RESET) refers to stm32f10x_it.o(i.UsageFault_Handler) for UsageFault_Handler
    startup_stm32f10x_cl.o(RESET) refers to port.o(.emb_text) for SVC_Handler
    startup_stm32f10x_cl.o(RESET) refers to stm32f10x_it.o(i.DebugMon_Handler) for DebugMon_Handler
    startup_stm32f10x_cl.o(RESET) refers to stm32f10x_it.o(i.SysTick_Handler) for SysTick_Handler
    startup_stm32f10x_cl.o(RESET) refers to stm32f10x_it.o(i.ADC1_2_IRQHandler) for ADC1_2_IRQHandler
    startup_stm32f10x_cl.o(RESET) refers to stm32f10x_it.o(i.UART4_IRQHandler) for UART4_IRQHandler
    startup_stm32f10x_cl.o(RESET) refers to stm32f10x_it.o(i.TIM6_IRQHandler) for TIM6_IRQHandler
    startup_stm32f10x_cl.o(.text) refers to system_stm32f10x.o(i.SystemInit) for SystemInit
    startup_stm32f10x_cl.o(.text) refers to entry.o(.ARM.Collect$$$$00000000) for __main
    main.o(i.AppTaskCreate) refers to port.o(i.vPortEnterCritical) for vPortEnterCritical
    main.o(i.AppTaskCreate) refers to queue.o(i.xQueueGenericCreate) for xQueueGenericCreate
    main.o(i.AppTaskCreate) refers to printfa.o(i.__0printf) for __2printf
    main.o(i.AppTaskCreate) refers to tasks.o(i.xTaskCreate) for xTaskCreate
    main.o(i.AppTaskCreate) refers to tasks.o(i.vTaskDelete) for vTaskDelete
    main.o(i.AppTaskCreate) refers to port.o(i.vPortExitCritical) for vPortExitCritical
    main.o(i.AppTaskCreate) refers to main.o(.data) for modbusQueue
    main.o(i.AppTaskCreate) refers to main.o(i.LED1_Task) for LED1_Task
    main.o(i.AppTaskCreate) refers to main.o(i.CPU_Task) for CPU_Task
    main.o(i.AppTaskCreate) refers to main.o(i.readAdTask) for readAdTask
    main.o(i.AppTaskCreate) refers to main.o(i.modbusReceiveTask) for modbusReceiveTask
    main.o(i.CPU_Task) refers to memseta.o(.text) for __aeabi_memclr4
    main.o(i.CPU_Task) refers to tasks.o(i.vTaskList) for vTaskList
    main.o(i.CPU_Task) refers to printfa.o(i.__0printf) for __2printf
    main.o(i.CPU_Task) refers to tasks.o(i.vTaskGetRunTimeStats) for vTaskGetRunTimeStats
    main.o(i.CPU_Task) refers to tasks.o(i.vTaskDelay) for vTaskDelay
    main.o(i.LED1_Task) refers to stm32f10x_gpio.o(i.GPIO_ResetBits) for GPIO_ResetBits
    main.o(i.LED1_Task) refers to tasks.o(i.vTaskDelay) for vTaskDelay
    main.o(i.LED1_Task) refers to printfa.o(i.__0printf) for __2printf
    main.o(i.LED1_Task) refers to stm32f10x_gpio.o(i.GPIO_SetBits) for GPIO_SetBits
    main.o(i.main) refers to cpu.o(i.initCpu) for initCpu
    main.o(i.main) refers to iic.o(i.iic1Read) for iic1Read
    main.o(i.main) refers to iic.o(i.iic1Write) for iic1Write
    main.o(i.main) refers to main.o(.bss) for data
    main.o(i.main) refers to main.o(.data) for flag
    main.o(i.modbusReceiveTask) refers to queue.o(i.xQueueGenericReceive) for xQueueGenericReceive
    main.o(i.modbusReceiveTask) refers to main.o(.data) for modbusQueue
    main.o(i.readAdTask) refers to adc.o(i.readAdc2Chennl) for readAdc2Chennl
    main.o(i.readAdTask) refers to ffltui.o(.text) for __aeabi_ui2f
    main.o(i.readAdTask) refers to fdiv.o(.text) for __aeabi_fdiv
    main.o(i.readAdTask) refers to f2d.o(.text) for __aeabi_f2d
    main.o(i.readAdTask) refers to dmul.o(.text) for __aeabi_dmul
    main.o(i.readAdTask) refers to d2f.o(.text) for __aeabi_d2f
    main.o(i.readAdTask) refers to printfa.o(i.__0printf) for __2printf
    main.o(i.readAdTask) refers to adc.o(i.readAverageTempertureValue) for readAverageTempertureValue
    main.o(i.readAdTask) refers to tasks.o(i.vTaskDelay) for vTaskDelay
    stm32f10x_it.o(i.ADC1_2_IRQHandler) refers to stm32f10x_adc.o(i.ADC_GetITStatus) for ADC_GetITStatus
    stm32f10x_it.o(i.ADC1_2_IRQHandler) refers to stm32f10x_adc.o(i.ADC_ClearITPendingBit) for ADC_ClearITPendingBit
    stm32f10x_it.o(i.SysTick_Handler) refers to port.o(i.xPortSysTickHandler) for xPortSysTickHandler
    stm32f10x_it.o(i.TIM6_IRQHandler) refers to stm32f10x_tim.o(i.TIM_GetITStatus) for TIM_GetITStatus
    stm32f10x_it.o(i.TIM6_IRQHandler) refers to stm32f10x_tim.o(i.TIM_ClearITPendingBit) for TIM_ClearITPendingBit
    stm32f10x_it.o(i.TIM6_IRQHandler) refers to stm32f10x_it.o(.data) for time
[...]
    Removing event_groups.o(i.vEventGroupClearBitsCallback), (16 bytes).
    Removing event_groups.o(i.vEventGroupDelete), (116 bytes).
    Removing event_groups.o(i.vEventGroupSetBitsCallback), (16 bytes).
    Removing event_groups.o(i.xEventGroupClearBits), (116 bytes).
    Removing event_groups.o(i.xEventGroupCreate), (26 bytes).
    Removing event_groups.o(i.xEventGroupGetBitsFromISR), (44 bytes).
    Removing event_groups.o(i.xEventGroupSetBits), (232 bytes).
    Removing event_groups.o(i.xEventGroupSync), (252 bytes).
    Removing event_groups.o(i.xEventGroupWaitBits), (312 bytes).
    Removing list.o(i.vListInitialise), (26 bytes).
    Removing list.o(i.vListInitialiseItem), (6 bytes).
    Removing list.o(i.vListInsert), (52 bytes).
    Removing queue.o(i.pcQueueGetName), (44 bytes).
    Removing queue.o(i.prvCopyDataFromQueue), (42 bytes).
    Removing queue.o(i.prvInitialiseNewQueue), (42 bytes).
    Removing queue.o(i.prvIsQueueEmpty), (26 bytes).
    Removing queue.o(i.prvIsQueueFull), (30 bytes).
    Removing queue.o(i.prvUnlockQueue), (126 bytes).
    Removing queue.o(i.ucQueueGetQueueType), (8 bytes).
    Removing queue.o(i.uxQueueGetQueueNumber), (6 bytes).
    Removing queue.o(i.uxQueueMessagesWaiting), (68 bytes).
    Removing queue.o(i.uxQueueMessagesWaitingFromISR), (60 bytes).
    Removing queue.o(i.uxQueueSpacesAvailable), (76 bytes).
    Removing queue.o(i.vQueueAddToRegistry), (44 bytes).
    Removing queue.o(i.vQueueDelete), (72 bytes).
    Removing queue.o(i.vQueueSetQueueNumber), (4 bytes).
    Removing queue.o(i.vQueueUnregisterQueue), (48 bytes).
    Removing queue.o(i.xQueueGenericCreate), (116 bytes).
    Removing queue.o(i.xQueueGenericReceive), (396 bytes).
    Removing queue.o(i.xQueueGenericReset), (176 bytes).
    Removing queue.o(i.xQueueGenericSend), (392 bytes).
    Removing queue.o(i.xQueueGiveFromISR), (232 bytes).
    Removing queue.o(i.xQueueIsQueueEmptyFromISR), (68 bytes).
    Removing queue.o(i.xQueueIsQueueFullFromISR), (72 bytes).
    Removing queue.o(i.xQueuePeekFromISR), (184 bytes).
    Removing queue.o(i.xQueueReceiveFromISR), (220 bytes).
    Removing queue.o(.bss), (80 bytes).
    Removing tasks.o(i.eTaskGetState), (160 bytes).
    Removing tasks.o(i.pcTaskGetName), (76 bytes).
    Removing tasks.o(i.prvAddCurrentTaskToDelayedList), (152 bytes).
    Removing tasks.o(i.prvAddNewTaskToReadyList), (184 bytes).
    Removing tasks.o(i.prvCheckTasksWaitingTermination), (100 bytes).
    Removing tasks.o(i.prvDeleteTCB), (18 bytes).
    Removing tasks.o(i.prvIdleTask), (40 bytes).
    Removing tasks.o(i.prvInitialiseNewTask), (208 bytes).
    Removing tasks.o(i.prvInitialiseTaskLists), (104 bytes).
    Removing tasks.o(i.prvListTasksWithinSingleList), (106 bytes).
    Removing tasks.o(i.prvTaskCheckFreeStackSpace), (22 bytes).
    Removing tasks.o(i.prvTaskIsTaskSuspended), (116 bytes).
    Removing tasks.o(i.prvWriteNameToBuffer), (42 bytes).
    Removing tasks.o(i.ulTaskNotifyTake), (116 bytes).
    Removing tasks.o(i.uxTaskGetNumberOfTasks), (12 bytes).
    Removing tasks.o(i.uxTaskGetSystemState), (184 bytes).
    Removing tasks.o(i.uxTaskGetTaskNumber), (14 bytes).
    Removing tasks.o(i.uxTaskPriorityGet), (36 bytes).
    Removing tasks.o(i.uxTaskPriorityGetFromISR), (68 bytes).
    Removing tasks.o(i.uxTaskResetEventItemValue), (28 bytes).
    Removing tasks.o(i.vTaskDelay), (116 bytes).
    Removing tasks.o(i.vTaskDelayUntil), (220 bytes).
    Removing tasks.o(i.vTaskDelete), (268 bytes).
    Removing tasks.o(i.vTaskEndScheduler), (36 bytes).
    Removing tasks.o(i.vTaskGetInfo), (120 bytes).
    Removing tasks.o(i.vTaskGetRunTimeStats), (212 bytes).
    Removing tasks.o(i.vTaskList), (224 bytes).
    Removing tasks.o(i.vTaskMissedYield), (12 bytes).
    Removing tasks.o(i.vTaskNotifyGiveFromISR), (256 bytes).
    Removing tasks.o(i.vTaskPlaceOnEventList), (84 bytes).
    Removing tasks.o(i.vTaskPlaceOnUnorderedEventList), (124 bytes).
    Removing tasks.o(i.vTaskPrioritySet), (292 bytes).
    Removing tasks.o(i.vTaskResume), (172 bytes).
    Removing tasks.o(i.vTaskSetTaskNumber), (8 bytes).
    Removing tasks.o(i.vTaskSetTimeOutState), (76 bytes).
    Removing tasks.o(i.vTaskStartScheduler), (172 bytes).
    Removing tasks.o(i.vTaskSuspend), (256 bytes).
    Removing tasks.o(i.vTaskSuspendAll), (16 bytes).
    Removing tasks.o(i.xTaskCheckForTimeOut), (160 bytes).
    Removing tasks.o(i.xTaskCreate), (96 bytes).
    Removing tasks.o(i.xTaskGenericNotify), (276 bytes).
    Removing tasks.o(i.xTaskGenericNotifyFromISR), (340 bytes).
    Removing tasks.o(i.xTaskGetTickCount), (12 bytes).
    Removing tasks.o(i.xTaskGetTickCountFromISR), (20 bytes).
    Removing tasks.o(i.xTaskNotifyStateClear), (52 bytes).
    Removing tasks.o(i.xTaskNotifyWait), (160 bytes).
    Removing tasks.o(i.xTaskRemoveFromUnorderedEventList), (192 bytes).
    Removing tasks.o(i.xTaskResumeAll), (288 bytes).
    Removing tasks.o(i.xTaskResumeFromISR), (204 bytes).
    Removing fadd.o(.text), (176 bytes).
    Removing fmul.o(.text), (100 bytes).
    Removing fdiv.o(.text), (124 bytes).
    Removing ffltui.o(.text), (10 bytes).
    Removing ffixui.o(.text), (40 bytes).
    Removing f2d.o(.text), (38 bytes).
    Removing d2f.o(.text), (56 bytes).
    Removing fepilogue.o(.text), (110 bytes).

535 unused section(s) (total 68202 bytes) removed from the image.

==============================================================================

Image Symbol Table

    Local Symbols

    Symbol Name                              Value     Ov Type        Size  Object(Section)

    ../clib/microlib/division.c              0x00000000   Number         0  uidiv.o ABSOLUTE
    ../clib/microlib/division.c              0x00000000   Number         0  uldiv.o ABSOLUTE
    ../clib/microlib/init/entry.s            0x00000000   Number         0  entry12a.o ABSOLUTE
    ../clib/microlib/init/entry.s            0x00000000   Number         0  entry12b.o ABSOLUTE
    ../clib/microlib/init/entry.s            0x00000000   Number         0  entry7b.o ABSOLUTE
    ../clib/microlib/init/entry.s            0x00000000   Number         0  entry7a.o ABSOLUTE
    ../clib/microlib/init/entry.s            0x00000000   Number         0  entry.o ABSOLUTE
    ../clib/microlib/init/entry.s            0x00000000   Number         0  entry5.o ABSOLUTE
    ../clib/microlib/init/entry.s            0x00000000   Number         0  entry2.o ABSOLUTE
    ../clib/microlib/init/entry.s            0x00000000   Number         0  entry8b.o ABSOLUTE
    ../clib/microlib/init/entry.s            0x00000000   Number         0  entry8a.o ABSOLUTE
    ../clib/microlib/init/entry.s            0x00000000   Number         0  entry9a.o ABSOLUTE
    ../clib/microlib/init/entry.s            0x00000000   Number         0  entry9b.o ABSOLUTE
    ../clib/microlib/init/entry.s            0x00000000   Number         0  entry10a.o ABSOLUTE
    ../clib/microlib/init/entry.s            0x00000000   Number         0  entry10b.o ABSOLUTE
    ../clib/microlib/init/entry.s            0x00000000   Number         0  entry11a.o ABSOLUTE
    ../clib/microlib/init/entry.s            0x00000000   Number         0  entry11b.o ABSOLUTE
    ../clib/microlib/longlong.c              0x00000000   Number         0  llushr.o ABSOLUTE
    ../clib/microlib/longlong.c              0x00000000   Number         0  llshl.o ABSOLUTE
    ../clib/microlib/longlong.c              0x00000000   Number         0  llsshr.o ABSOLUTE
    ../clib/microlib/printf/printf.c         0x00000000   Number         0  printf7.o ABSOLUTE
    ../clib/microlib/printf/printf.c         0x00000000   Number         0  printf6.o ABSOLUTE
    ../clib/microlib/printf/printf.c         0x00000000   Number         0  printf5.o ABSOLUTE
    ../clib/microlib/printf/printf.c         0x00000000   Number         0  printf4.o ABSOLUTE
    ../clib/microlib/printf/printf.c         0x00000000   Number         0  printf3.o ABSOLUTE
    ../clib/microlib/printf/printf.c         0x00000000   Number         0  printf2.o ABSOLUTE
    ../clib/microlib/printf/printf.c         0x00000000   Number         0  printf1.o ABSOLUTE
    ../clib/microlib/printf/printf.c         0x00000000   Number         0  printf0.o ABSOLUTE
    ../clib/microlib/printf/printf.c         0x00000000   Number         0  printfb.o ABSOLUTE
    ../clib/microlib/printf/printf.c         0x00000000   Number         0  printfa.o ABSOLUTE
    ../clib/microlib/printf/printf.c         0x00000000   Number         0  printf8.o ABSOLUTE
    ../clib/microlib/printf/stubs.s          0x00000000   Number         0  stubs.o ABSOLUTE
    ../clib/microlib/stdio/streams.c         0x00000000   Number         0  stdout.o ABSOLUTE
    ../clib/microlib/string/memcpy.c         0x00000000   Number         0  memcpyb.o ABSOLUTE
    ../clib/microlib/string/memcpy.c         0x00000000   Number         0  memcpya.o ABSOLUTE
    ../clib/microlib/string/memset.c         0x00000000   Number         0  memseta.o ABSOLUTE
    ../clib/microlib/string/strcpy.c         0x00000000   Number         0  strcpy.o ABSOLUTE
    ../clib/microlib/string/strlen.c         0x00000000   Number         0  strlen.o ABSOLUTE
    ../clib/microlib/stubs.s                 0x00000000   Number         0  iusefp.o ABSOLUTE
    ../fplib/microlib/d2f.c                  0x00000000   Number         0  d2f.o ABSOLUTE
    ../fplib/microlib/f2d.c                  0x00000000   Number         0  f2d.o ABSOLUTE
    ../fplib/microlib/fpadd.c                0x00000000   Number         0  fadd.o ABSOLUTE
    ../fplib/microlib/fpadd.c                0x00000000   Number         0  dadd.o ABSOLUTE
    ../fplib/microlib/fpdiv.c                0x00000000   Number         0  ddiv.o ABSOLUTE
    ../fplib/microlib/fpdiv.c                0x00000000   Number         0  fdiv.o ABSOLUTE
    ../fplib/microlib/fpepilogue.c           0x00000000   Number         0  fepilogue.o ABSOLUTE
    ../fplib/microlib/fpepilogue.c           0x00000000   Number         0  depilogue.o ABSOLUTE
    ../fplib/microlib/fpfix.c                0x00000000   Number         0  dfixul.o ABSOLUTE
    ../fplib/microlib/fpfix.c                0x00000000   Number         0  ffixui.o ABSOLUTE
    ../fplib/microlib/fpflt.c                0x00000000   Number         0  ffltui.o ABSOLUTE
    ../fplib/microlib/fpmul.c                0x00000000   Number         0  fmul.o ABSOLUTE
    ../fplib/microlib/fpmul.c                0x00000000   Number         0  dmul.o ABSOLUTE
    ..\\cmsis\\core_cm3.c                    0x00000000   Number         0  core_cm3.o ABSOLUTE
    ..\\rtos\\port\\RVDS\\ARM_CM3\\port.c    0x00000000   Number         0  port.o ABSOLUTE
    ..\cmsis\core_cm3.c                      0x00000000   Number         0  core_cm3.o ABSOLUTE
    ..\cmsis\system_stm32f10x.c              0x00000000   Number         0  system_stm32f10x.o ABSOLUTE
    ..\hardware\adc.c                        0x00000000   Number         0  adc.o ABSOLUTE
    ..\hardware\dac.c                        0x00000000   Number         0  dac.o ABSOLUTE
    ..\hardware\gpio.c                       0x00000000   Number         0  gpio.o ABSOLUTE
    ..\hardware\iic.c                        0x00000000   Number         0  iic.o ABSOLUTE
    ..\hardware\rtc.c                        0x00000000   Number         0  rtc.o ABSOLUTE
    ..\hardware\spi.c                        0x00000000   Number         0  spi.o ABSOLUTE
    ..\hardware\tim.c                        0x00000000   Number         0  tim.o ABSOLUTE
    ..\hardware\uart.c                       0x00000000   Number         0  uart.o ABSOLUTE
    ..\lib\src\misc.c                        0x00000000   Number         0  misc.o ABSOLUTE
    ..\lib\src\stm32f10x_adc.c               0x00000000   Number         0  stm32f10x_adc.o ABSOLUTE
    ..\lib\src\stm32f10x_bkp.c               0x00000000   Number         0  stm32f10x_bkp.o ABSOLUTE
    ..\lib\src\stm32f10x_can.c               0x00000000   Number         0  stm32f10x_can.o ABSOLUTE
    ..\lib\src\stm32f10x_cec.c               0x00000000   Number         0  stm32f10x_cec.o ABSOLUTE
    ..\lib\src\stm32f10x_crc.c               0x00000000   Number         0  stm32f10x_crc.o ABSOLUTE
    ..\lib\src\stm32f10x_dac.c               0x00000000   Number         0  stm32f10x_dac.o ABSOLUTE
    ..\lib\src\stm32f10x_dbgmcu.c            0x00000000   Number         0  stm32f10x_dbgmcu.o ABSOLUTE
    ..\lib\src\stm32f10x_dma.c               0x00000000   Number         0  stm32f10x_dma.o ABSOLUTE
    ..\lib\src\stm32f10x_exti.c              0x00000000   Number         0  stm32f10x_exti.o ABSOLUTE
    ..\lib\src\stm32f10x_flash.c             0x00000000   Number         0  stm32f10x_flash.o ABSOLUTE
    ..\lib\src\stm32f10x_fsmc.c              0x00000000   Number         0  stm32f10x_fsmc.o ABSOLUTE
    ..\lib\src\stm32f10x_gpio.c              0x00000000   Number         0  stm32f10x_gpio.o ABSOLUTE
    ..\lib\src\stm32f10x_i2c.c               0x00000000   Number         0  stm32f10x_i2c.o ABSOLUTE
    ..\lib\src\stm32f10x_iwdg.c              0x00000000   Number         0  stm32f10x_iwdg.o ABSOLUTE
    ..\lib\src\stm32f10x_pwr.c               0x00000000   Number         0  stm32f10x_pwr.o ABSOLUTE
    ..\lib\src\stm32f10x_rcc.c               0x00000000   Number         0  stm32f10x_rcc.o ABSOLUTE
    ..\lib\src\stm32f10x_rtc.c               0x00000000   Number         0  stm32f10x_rtc.o ABSOLUTE
    ..\lib\src\stm32f10x_sdio.c              0x00000000   Number         0  stm32f10x_sdio.o ABSOLUTE
    ..\lib\src\stm32f10x_spi.c               0x00000000   Number         0  stm32f10x_spi.o ABSOLUTE
    ..\lib\src\stm32f10x_tim.c               0x00000000   Number         0  stm32f10x_tim.o ABSOLUTE
    ..\lib\src\stm32f10x_usart.c             0x00000000   Number         0  stm32f10x_usart.o ABSOLUTE
    ..\lib\src\stm32f10x_wwdg.c              0x00000000   Number         0  stm32f10x_wwdg.o ABSOLUTE
    ..\rtos\port\MemMang\heap_4.c            0x00000000   Number         0  heap_4.o ABSOLUTE
    ..\rtos\port\RVDS\ARM_CM3\port.c         0x00000000   Number         0  port.o ABSOLUTE
    ..\rtos\src\croutine.c                   0x00000000   Number         0  croutine.o ABSOLUTE
    ..\rtos\src\event_groups.c               0x00000000   Number         0  event_groups.o ABSOLUTE
    ..\rtos\src\list.c                       0x00000000   Number         0  list.o ABSOLUTE
    ..\rtos\src\queue.c                      0x00000000   Number         0  queue.o ABSOLUTE
    ..\rtos\src\tasks.c                      0x00000000   Number         0  tasks.o ABSOLUTE
    ..\rtos\src\timers.c                     0x00000000   Number         0  timers.o ABSOLUTE
    ..\startup\startup_stm32f10x_cl.s        0x00000000   Number         0  startup_stm32f10x_cl.o ABSOLUTE
    cdrcmple.s                               0x00000000   Number         0  cdrcmple.o ABSOLUTE
    cpu.c                                    0x00000000   Number         0  cpu.o ABSOLUTE
    dc.s                                     0x00000000   Number         0  dc.o ABSOLUTE
    handlers.s                               0x00000000   Number         0  handlers.o ABSOLUTE
    init.s                                   0x00000000   Number         0  init.o ABSOLUTE
    main.c                                   0x00000000   Number         0  main.o ABSOLUTE
    stm32f10x_it.c                           0x00000000   Number         0  stm32f10x_it.o ABSOLUTE
    RESET                                    0x08000000   Section      336  startup_stm32f10x_cl.o(RESET)
    .ARM.Collect$$$$00000000                 0x08000150   Section        0  entry.o(.ARM.Collect$$$$00000000)
    .ARM.Collect$$$$00000001                 0x08000150   Section        4  entry2.o(.ARM.Collect$$$$00000001)
    .ARM.Collect$$$$00000004                 0x08000154   Section        4  entry5.o(.ARM.Collect$$$$00000004)
    .ARM.Collect$$$$00000008                 0x08000158   Section        0  entry7b.o(.ARM.Collect$$$$00000008)
    .ARM.Collect$$$$0000000A                 0x08000158   Section        0  entry8b.o(.ARM.Collect$$$$0000000A)
    .ARM.Collect$$$$0000000B                 0x08000158   Section        8  entry9a.o(.ARM.Collect$$$$0000000B)
    .ARM.Collect$$$$0000000E                 0x08000160   Section        4  entry12b.o(.ARM.Collect$$$$0000000E)
    .ARM.Collect$$$$0000000F                 0x08000164   Section        0  entry10a.o(.ARM.Collect$$$$0000000F)
    .ARM.Collect$$$$00000011                 0x08000164   Section        0  entry11a.o(.ARM.Collect$$$$00000011)
    .ARM.Collect$$$$00002712                 0x08000164   Section        4  entry2.o(.ARM.Collect$$$$00002712)
    __lit__00000000                          0x08000164   Data           4  entry2.o(.ARM.Collect$$$$00002712)
    .emb_text                                0x08000168   Section      150  port.o(.emb_text)
    .text                                    0x08000200   Section       36  startup_stm32f10x_cl.o(.text)
    .text                                    0x08000224   Section        0  memcpya.o(.text)
    .text                                    0x08000248   Section        0  dmul.o(.text)
    .text                                    0x0800032c   Section        0  uidiv.o(.text)
    .text                                    0x08000358   Section        0  uldiv.o(.text)
    .text                                    0x080003ba   Section        0  iusefp.o(.text)
    .text                                    0x080003ba   Section        0  depilogue.o(.text)
    .text                                    0x08000474   Section        0  dadd.o(.text)
    .text                                    0x080005c2   Section        0  ddiv.o(.text)
    .text                                    0x080006a0   Section        0  dfixul.o(.text)
    .text                                    0x080006d0   Section       48  cdrcmple.o(.text)
    .text                                    0x08000700   Section       36  init.o(.text)
    .text                                    0x08000724   Section        0  llshl.o(.text)
    .text                                    0x08000742   Section        0  llushr.o(.text)
    .text                                    0x08000762   Section        0  llsshr.o(.text)
    i.ADC1_2_IRQHandler                      0x08000788   Section        0  stm32f10x_it.o(i.ADC1_2_IRQHandler)
    i.ADC_ClearITPendingBit                  0x080007a4   Section        0  stm32f10x_adc.o(i.ADC_ClearITPendingBit)
    i.ADC_Cmd                                0x080007ae   Section        0  stm32f10x_adc.o(i.ADC_Cmd)
    i.ADC_DMACmd                             0x080007c4   Section        0  stm32f10x_adc.o(i.ADC_DMACmd)
    i.ADC_ExternalTrigConvCmd                0x080007da   Section        0  stm32f10x_adc.o(i.ADC_ExternalTrigConvCmd)
    i.ADC_GetCalibrationStatus               0x080007f0   Section        0  stm32f10x_adc.o(i.ADC_GetCalibrationStatus)
    i.ADC_GetITStatus                        0x08000804   Section        0  stm32f10x_adc.o(i.ADC_GetITStatus)
    i.ADC_GetResetCalibrationStatus          0x08000828   Section        0  stm32f10x_adc.o(i.ADC_GetResetCalibrationStatus)
    i.ADC_Init                               0x0800083c   Section        0  stm32f10x_adc.o(i.ADC_Init)
    i.ADC_RegularChannelConfig               0x0800088c   Section        0  stm32f10x_adc.o(i.ADC_RegularChannelConfig)
    i.ADC_ResetCalibration                   0x08000944   Section        0  stm32f10x_adc.o(i.ADC_ResetCalibration)
    i.ADC_SoftwareStartConvCmd               0x0800094e   Section        0  stm32f10x_adc.o(i.ADC_SoftwareStartConvCmd)
    i.ADC_StartCalibration                   0x08000964   Section        0  stm32f10x_adc.o(i.ADC_StartCalibration)
    i.ADC_TempSensorVrefintCmd               0x08000970   Section        0  stm32f10x_adc.o(i.ADC_TempSensorVrefintCmd)
    i.ADCx_GPIO_Config                       0x08000994   Section        0  adc.o(i.ADCx_GPIO_Config)
    ADCx_GPIO_Config                         0x08000995   Thumb Code    32  adc.o(i.ADCx_GPIO_Config)
    i.ADCx_Init                              0x080009b8   Section        0  adc.o(i.ADCx_Init)
    i.ADCx_Mode_Config                       0x080009c4   Section        0  adc.o(i.ADCx_Mode_Config)
    ADCx_Mode_Config                         0x080009c5   Thumb Code   354  adc.o(i.ADCx_Mode_Config)
    i.BKP_DeInit                             0x08000b38   Section        0  stm32f10x_bkp.o(i.BKP_DeInit)
    i.BKP_ReadBackupRegister                 0x08000b48   Section        0  stm32f10x_bkp.o(i.BKP_ReadBackupRegister)
    i.BKP_WriteBackupRegister                0x08000b64   Section        0  stm32f10x_bkp.o(i.BKP_WriteBackupRegister)
    i.BusFault_Handler                       0x08000b80   Section        0  stm32f10x_it.o(i.BusFault_Handler)
    i.DAC_Cmd                                0x08000b84   Section        0  stm32f10x_dac.o(i.DAC_Cmd)
    i.DAC_Init                               0x08000bac   Section        0  stm32f10x_dac.o(i.DAC_Init)
    i.DAC_SetChannel1Data                    0x08000be0   Section        0  stm32f10x_dac.o(i.DAC_SetChannel1Data)
    i.DMA_Cmd                                0x08000c00   Section        0  stm32f10x_dma.o(i.DMA_Cmd)
    i.DMA_DeInit                             0x08000c18   Section        0  stm32f10x_dma.o(i.DMA_DeInit)
    i.DMA_GetCurrDataCounter                 0x08000d64   Section        0  stm32f10x_dma.o(i.DMA_GetCurrDataCounter)
    i.DMA_Init                               0x08000d6c   Section        0  stm32f10x_dma.o(i.DMA_Init)
    i.DMA_SetCurrDataCounter                 0x08000da8   Section        0  stm32f10x_dma.o(i.DMA_SetCurrDataCounter)
    i.DebugMon_Handler                       0x08000dac   Section        0  stm32f10x_it.o(i.DebugMon_Handler)
    i.GPIO_Init                              0x08000dae   Section        0  stm32f10x_gpio.o(i.GPIO_Init)
    i.GPIO_SetBits                           0x08000ec4   Section        0  stm32f10x_gpio.o(i.GPIO_SetBits)
    i.HardFault_Handler                      0x08000ec8   Section        0  stm32f10x_it.o(i.HardFault_Handler)
    i.I2C_AcknowledgeConfig                  0x08000ecc   Section        0  stm32f10x_i2c.o(i.I2C_AcknowledgeConfig)
    i.I2C_CheckEvent                         0x08000ee4   Section        0  stm32f10x_i2c.o(i.I2C_CheckEvent)
    i.I2C_ClearFlag                          0x08000f0e   Section        0  stm32f10x_i2c.o(i.I2C_ClearFlag)
    i.I2C_Cmd                                0x08000f1a   Section        0  stm32f10x_i2c.o(i.I2C_Cmd)
    i.I2C_GenerateSTART                      0x08000f32   Section        0  stm32f10x_i2c.o(i.I2C_GenerateSTART)
    i.I2C_GenerateSTOP                       0x08000f4a   Section        0  stm32f10x_i2c.o(i.I2C_GenerateSTOP)
    i.I2C_GetFlagStatus                      0x08000f62   Section        0  stm32f10x_i2c.o(i.I2C_GetFlagStatus)
    i.I2C_Init                               0x08000f9c   Section        0  stm32f10x_i2c.o(i.I2C_Init)
    i.I2C_ReadRegister                       0x08001088   Section        0  stm32f10x_i2c.o(i.I2C_ReadRegister)
    i.I2C_ReceiveData                        0x0800109e   Section        0  stm32f10x_i2c.o(i.I2C_ReceiveData)
    i.I2C_Send7bitAddress                    0x080010a6   Section        0  stm32f10x_i2c.o(i.I2C_Send7bitAddress)
    i.I2C_SendData                           0x080010b8   Section        0  stm32f10x_i2c.o(i.I2C_SendData)
    i.I2C_TIMEOUT_UserCallback               0x080010bc   Section        0  iic.o(i.I2C_TIMEOUT_UserCallback)
    I2C_TIMEOUT_UserCallback                 0x080010bd   Thumb Code    16  iic.o(i.I2C_TIMEOUT_UserCallback)
    i.MemManage_Handler                      0x080010e8   Section        0  stm32f10x_it.o(i.MemManage_Handler)
    i.NMI_Handler                            0x080010ec   Section        0  stm32f10x_it.o(i.NMI_Handler)
    i.NVIC_Configuration                     0x080010ee   Section        0  uart.o(i.NVIC_Configuration)
    NVIC_Configuration                       0x080010ef   Thumb Code    34  uart.o(i.NVIC_Configuration)
    i.NVIC_Init                              0x08001110   Section        0  misc.o(i.NVIC_Init)
    i.NVIC_PriorityGroupConfig               0x08001180   Section        0  misc.o(i.NVIC_PriorityGroupConfig)
    i.PWR_BackupAccessCmd                    0x08001194   Section        0  stm32f10x_pwr.o(i.PWR_BackupAccessCmd)
    i.RCC_ADCCLKConfig                       0x080011a0   Section        0  stm32f10x_rcc.o(i.RCC_ADCCLKConfig)
    i.RCC_AHBPeriphClockCmd                  0x080011b8   Section        0  stm32f10x_rcc.o(i.RCC_AHBPeriphClockCmd)
    i.RCC_APB1PeriphClockCmd                 0x080011d8   Section        0  stm32f10x_rcc.o(i.RCC_APB1PeriphClockCmd)
    i.RCC_APB2PeriphClockCmd                 0x080011f8   Section        0  stm32f10x_rcc.o(i.RCC_APB2PeriphClockCmd)
    i.RCC_BackupResetCmd                     0x08001218   Section        0  stm32f10x_rcc.o(i.RCC_BackupResetCmd)
    i.RCC_GetClocksFreq                      0x08001224   Section        0  stm32f10x_rcc.o(i.RCC_GetClocksFreq)
    i.RCC_GetFlagStatus                      0x080012f8   Section        0  stm32f10x_rcc.o(i.RCC_GetFlagStatus)
    i.RCC_LSEConfig                          0x08001334   Section        0  stm32f10x_rcc.o(i.RCC_LSEConfig)
    i.RCC_RTCCLKCmd                          0x08001368   Section        0  stm32f10x_rcc.o(i.RCC_RTCCLKCmd)
    i.RCC_RTCCLKConfig                       0x08001374   Section        0  stm32f10x_rcc.o(i.RCC_RTCCLKConfig)
    i.RTC_EnterConfigMode                    0x08001384   Section        0  stm32f10x_rtc.o(i.RTC_EnterConfigMode)
    i.RTC_ExitConfigMode                     0x08001398   Section        0  stm32f10x_rtc.o(i.RTC_ExitConfigMode)
    i.RTC_Init                               0x080013ac   Section        0  rtc.o(i.RTC_Init)
    i.RTC_SetCounter                         0x08001428   Section        0  stm32f10x_rtc.o(i.RTC_SetCounter)
    i.RTC_SetDateTime                        0x08001444   Section        0  rtc.o(i.RTC_SetDateTime)
    i.RTC_SetPrescaler                       0x080014d8   Section        0  stm32f10x_rtc.o(i.RTC_SetPrescaler)
    i.RTC_WaitForLastTask                    0x080014f8   Section        0  stm32f10x_rtc.o(i.RTC_WaitForLastTask)
    i.RTC_WaitForSynchro                     0x0800150c   Section        0  stm32f10x_rtc.o(i.RTC_WaitForSynchro)
    i.SetSysClock                            0x08001530   Section        0  system_stm32f10x.o(i.SetSysClock)
    SetSysClock                              0x08001531   Thumb Code     8  system_stm32f10x.o(i.SetSysClock)
    i.SetSysClockTo72                        0x08001538   Section        0  system_stm32f10x.o(i.SetSysClockTo72)
    SetSysClockTo72                          0x08001539   Thumb Code   214  system_stm32f10x.o(i.SetSysClockTo72)
    i.SysTick_Handler                        0x08001618   Section        0  stm32f10x_it.o(i.SysTick_Handler)
    i.SystemInit                             0x08001620   Section        0  system_stm32f10x.o(i.SystemInit)
    i.TIM6_IRQHandler                        0x08001680   Section        0  stm32f10x_it.o(i.TIM6_IRQHandler)
    i.TIM_ClearFlag                          0x080016c4   Section        0  stm32f10x_tim.o(i.TIM_ClearFlag)
    i.TIM_ClearITPendingBit                  0x080016ca   Section        0  stm32f10x_tim.o(i.TIM_ClearITPendingBit)
    i.TIM_Cmd                                0x080016d0   Section        0  stm32f10x_tim.o(i.TIM_Cmd)
    i.TIM_CtrlPWMOutputs                     0x080016e8   Section        0  stm32f10x_tim.o(i.TIM_CtrlPWMOutputs)
    i.TIM_GetITStatus                        0x08001706   Section        0  stm32f10x_tim.o(i.TIM_GetITStatus)
    i.TIM_ITConfig                           0x08001728   Section        0  stm32f10x_tim.o(i.TIM_ITConfig)
    i.TIM_OC1Init                            0x0800173c   Section        0  stm32f10x_tim.o(i.TIM_OC1Init)
    i.TIM_OC1PreloadConfig                   0x080017d4   Section        0  stm32f10x_tim.o(i.TIM_OC1PreloadConfig)
    i.TIM_TimeBaseInit                       0x080017e8   Section        0  stm32f10x_tim.o(i.TIM_TimeBaseInit)
    i.UART4_IRQHandler                       0x0800188c   Section        0  stm32f10x_it.o(i.UART4_IRQHandler)
    i.USART_ClearFlag                        0x080018f8   Section        0  stm32f10x_usart.o(i.USART_ClearFlag)
    i.USART_Cmd                              0x0800190a   Section        0  stm32f10x_usart.o(i.USART_Cmd)
    i.USART_Config                           0x08001924   Section        0  uart.o(i.USART_Config)
    i.USART_DMACmd                           0x08001a18   Section        0  stm32f10x_usart.o(i.USART_DMACmd)
    i.USART_GetFlagStatus                    0x08001a2a   Section        0  stm32f10x_usart.o(i.USART_GetFlagStatus)
    i.USART_GetITStatus                      0x08001a44   Section        0  stm32f10x_usart.o(i.USART_GetITStatus)
    i.USART_ITConfig                         0x08001a98   Section        0  stm32f10x_usart.o(i.USART_ITConfig)
    i.USART_Init                             0x08001ae4   Section        0  stm32f10x_usart.o(i.USART_Init)
    i.USART_ReceiveData                      0x08001bbc   Section        0  stm32f10x_usart.o(i.USART_ReceiveData)
    i.USART_SendData                         0x08001bc6   Section        0  stm32f10x_usart.o(i.USART_SendData)
    i.UsageFault_Handler                     0x08001bce   Section        0  stm32f10x_it.o(i.UsageFault_Handler)
    i.__0printf                              0x08001bd4   Section        0  printfa.o(i.__0printf)
    i.__scatterload_copy                     0x08001bf4   Section       14  handlers.o(i.__scatterload_copy)
    i.__scatterload_null                     0x08001c02   Section        2  handlers.o(i.__scatterload_null)
    i.__scatterload_zeroinit                 0x08001c04   Section       14  handlers.o(i.__scatterload_zeroinit)
    i._fp_digits                             0x08001c14   Section        0  printfa.o(i._fp_digits)
    _fp_digits                               0x08001c15   Thumb Code   366  printfa.o(i._fp_digits)
    i._printf_core                           0x08001d98   Section        0  printfa.o(i._printf_core)
    _printf_core                             0x08001d99   Thumb Code  1704  printfa.o(i._printf_core)
    i._printf_post_padding                   0x0800244c   Section        0  printfa.o(i._printf_post_padding)
    _printf_post_padding                     0x0800244d   Thumb Code    36  printfa.o(i._printf_post_padding)
    i._printf_pre_padding                    0x08002470   Section        0  printfa.o(i._printf_pre_padding)
    _printf_pre_padding                      0x08002471   Thumb Code    46  printfa.o(i._printf_pre_padding)
    i.dacConfig                              0x080024a0   Section        0  dac.o(i.dacConfig)
    dacConfig                                0x080024a1   Thumb Code    96  dac.o(i.dacConfig)
    i.dacInit                                0x08002504   Section        0  dac.o(i.dacInit)
    i.fputc                                  0x0800250c   Section        0  uart.o(i.fputc)
    i.gpioInit                               0x08002530   Section        0  gpio.o(i.gpioInit)
    i.iic1PageWrite                          0x08002564   Section        0  iic.o(i.iic1PageWrite)
    i.iic1Read                               0x08002698   Section        0  iic.o(i.iic1Read)
    i.iic1Wait                               0x08002850   Section        0  iic.o(i.iic1Wait)
    i.iic1Write                              0x080028a4   Section        0  iic.o(i.iic1Write)
    i.iicInit                                0x080029d0   Section        0  iic.o(i.iicInit)
    i.initCpu                                0x08002a68   Section        0  cpu.o(i.initCpu)
    i.interruptInit                          0x08002a90   Section        0  cpu.o(i.interruptInit)
    interruptInit                            0x08002a91   Thumb Code    42  cpu.o(i.interruptInit)
    i.is_leap_year                           0x08002aba   Section        0  rtc.o(i.is_leap_year)
    i.is_valid_date                          0x08002af0   Section        0  rtc.o(i.is_valid_date)
    i.main                                   0x08002b34   Section        0  main.o(i.main)
    i.periphClockInit                        0x08002b6c   Section        0  cpu.o(i.periphClockInit)
    periphClockInit                          0x08002b6d   Thumb Code    36  cpu.o(i.periphClockInit)
    i.prvCopyDataToQueue                     0x08002b90   Section        0  queue.o(i.prvCopyDataToQueue)
    prvCopyDataToQueue                       0x08002b91   Thumb Code   106  queue.o(i.prvCopyDataToQueue)
    i.prvResetNextTaskUnblockTime            0x08002bfc   Section        0  tasks.o(i.prvResetNextTaskUnblockTime)
    prvResetNextTaskUnblockTime              0x08002bfd   Thumb Code    42  tasks.o(i.prvResetNextTaskUnblockTime)
    i.timConfigBeep                          0x08002c30   Section        0  tim.o(i.timConfigBeep)
    timConfigBeep                            0x08002c31   Thumb Code   106  tim.o(i.timConfigBeep)
    i.timConfig_10ms                         0x08002ca0   Section        0  tim.o(i.timConfig_10ms)
    timConfig_10ms                           0x08002ca1   Thumb Code    66  tim.o(i.timConfig_10ms)
    i.timGpioInitBeep                        0x08002ce8   Section        0  tim.o(i.timGpioInitBeep)
    timGpioInitBeep                          0x08002ce9   Thumb Code    32  tim.o(i.timGpioInitBeep)
    i.timInit                                0x08002d0c   Section        0  tim.o(i.timInit)
    i.uxListRemove                           0x08002d1e   Section        0  list.o(i.uxListRemove)
    i.vListInsertEnd                         0x08002d46   Section        0  list.o(i.vListInsertEnd)
    i.vPortValidateInterruptPriority         0x08002d60   Section        0  port.o(i.vPortValidateInterruptPriority)
    i.vTaskSwitchContext                     0x08002df8   Section        0  tasks.o(i.vTaskSwitchContext)
    i.xPortSysTickHandler                    0x08002ee0   Section        0  port.o(i.xPortSysTickHandler)
    i.xQueueGenericSendFromISR               0x08002f14   Section        0  queue.o(i.xQueueGenericSendFromISR)
    i.xTaskIncrementTick                     0x08003014   Section        0  tasks.o(i.xTaskIncrementTick)
    i.xTaskRemoveFromEventList               0x08003174   Section        0  tasks.o(i.xTaskRemoveFromEventList)
    .constdata                               0x08003228   Section       26  rtc.o(.constdata)
    .data                                    0x20000000   Section       25  main.o(.data)
    AppTaskCreate_Handle                     0x20000000   Data           4  main.o(.data)
    LED1_Task_Handle                         0x20000004   Data           4  main.o(.data)
    CPU_Task_Handle                          0x20000008   Data           4  main.o(.data)
    readAdTask_Handle                        0x2000000c   Data           4  main.o(.data)
    modbusReceiveTask_Handle                 0x20000010   Data           4  main.o(.data)
    .data                                    0x2000001c   Section        8  stm32f10x_it.o(.data)
    time                                     0x20000020   Data           1  stm32f10x_it.o(.data)
    .data                                    0x20000024   Section       20  stm32f10x_rcc.o(.data)
    APBAHBPrescTable                         0x20000024   Data          16  stm32f10x_rcc.o(.data)
    ADCPrescTable                            0x20000034   Data           4  stm32f10x_rcc.o(.data)
    .data                                    0x20000038   Section       16  adc.o(.data)
    ADC_ConvertedValue                       0x20000038   Data           4  adc.o(.data)
    cnt                                      0x2000003c   Data           2  adc.o(.data)
    cnt1                                     0x2000003e   Data           2  adc.o(.data)
    ii                                       0x20000040   Data           2  adc.o(.data)
    sum                                      0x20000044   Data           4  adc.o(.data)
    .data                                    0x20000048   Section        8  iic.o(.data)
    I2CTimeout                               0x2000004c   Data           4  iic.o(.data)
    .data                                    0x20000050   Section       12  port.o(.data)
    uxCriticalNesting                        0x20000050   Data           4  port.o(.data)
    ucMaxSysCallPriority                     0x20000054   Data           1  port.o(.data)
    ulMaxPRIGROUPValue                       0x20000058   Data           4  port.o(.data)
    .data                                    0x2000005c   Section       68  tasks.o(.data)
    pxDelayedTaskList                        0x20000060   Data           4  tasks.o(.data)
    pxOverflowDelayedTaskList                0x20000064   Data           4  tasks.o(.data)
    uxDeletedTasksWaitingCleanUp             0x20000068   Data           4  tasks.o(.data)
    uxCurrentNumberOfTasks                   0x2000006c   Data           4  tasks.o(.data)
    xTickCount                               0x20000070   Data           4  tasks.o(.data)
    uxTopReadyPriority                       0x20000074   Data           4  tasks.o(.data)
    xSchedulerRunning                        0x20000078   Data           4  tasks.o(.data)
    uxPendedTicks                            0x2000007c   Data           4  tasks.o(.data)
    xYieldPending                            0x20000080   Data           4  tasks.o(.data)
    xNumOfOverflows                          0x20000084   Data           4  tasks.o(.data)
    uxTaskNumber                             0x20000088   Data           4  tasks.o(.data)
    xNextTaskUnblockTime                     0x2000008c   Data           4  tasks.o(.data)
    xIdleTaskHandle                          0x20000090   Data           4  tasks.o(.data)
    uxSchedulerSuspended                     0x20000094   Data           4  tasks.o(.data)
    ulTaskSwitchedInTime                     0x20000098   Data           4  tasks.o(.data)
    ulTotalRunTime                           0x2000009c   Data           4  tasks.o(.data)
    .data                                    0x200000a0   Section        4  stdout.o(.data)
    .bss                                     0x200000a4   Section      544  main.o(.bss)
    .bss                                     0x200002c4   Section     1024  stm32f10x_it.o(.bss)
    .bss                                     0x200006c4   Section      740  tasks.o(.bss)
    pxReadyTasksLists                        0x200006c4   Data         640  tasks.o(.bss)
    xDelayedTaskList1                        0x20000944   Data          20  tasks.o(.bss)
    xDelayedTaskList2                        0x20000958   Data          20  tasks.o(.bss)
    xPendingReadyList                        0x2000096c   Data          20  tasks.o(.bss)
    xTasksWaitingTermination                 0x20000980   Data          20  tasks.o(.bss)
    xSuspendedTaskList                       0x20000994   Data          20  tasks.o(.bss)
    STACK                                    0x200009a8   Section     1024  startup_stm32f10x_cl.o(STACK)

    Global Symbols

    Symbol Name                              Value     Ov Type        Size  Object(Section)

    BuildAttributes$$THM_ISAv4$P$D$K$B$S$PE$A:L22UL41UL21$X:L11$S22US41US21$IEEE1$IW$USESV6$~STKCKD$USESV7$~SHL$OTIME$ROPI$EBA8$MICROLIB$REQ8$PRES8$EABIv2 0x00000000   Number         0  anon$$obj.o ABSOLUTE
    __ARM_use_no_argv                        0x00000000   Number         0  main.o ABSOLUTE
    _printf_a                                0x00000000   Number         0  stubs.o ABSOLUTE
    _printf_c                                0x00000000   Number         0  stubs.o ABSOLUTE
    _printf_charcount                        0x00000000   Number         0  stubs.o ABSOLUTE
    _printf_d                                0x00000000   Number         0  stubs.o ABSOLUTE
    _printf_e                                0x00000000   Number         0  stubs.o ABSOLUTE
    _printf_f                                0x00000000   Number         0  stubs.o ABSOLUTE
    _printf_flags                            0x00000000   Number         0  stubs.o ABSOLUTE
    _printf_fp_dec                           0x00000000   Number         0  stubs.o ABSOLUTE
    _printf_fp_hex                           0x00000000   Number         0  stubs.o ABSOLUTE
    _printf_g                                0x00000000   Number         0  stubs.o ABSOLUTE
    _printf_i                                0x00000000   Number         0  stubs.o ABSOLUTE
    _printf_int_dec                          0x00000000   Number         0  stubs.o ABSOLUTE
    _printf_l                                0x00000000   Number         0  stubs.o ABSOLUTE
    _printf_lc                               0x00000000   Number         0  stubs.o ABSOLUTE
    _printf_ll                               0x00000000   Number         0  stubs.o ABSOLUTE
    _printf_lld                              0x00000000   Number         0  stubs.o ABSOLUTE
    _printf_lli                              0x00000000   Number         0  stubs.o ABSOLUTE
    _printf_llo                              0x00000000   Number         0  stubs.o ABSOLUTE
    _printf_llu                              0x00000000   Number         0  stubs.o ABSOLUTE
    _printf_llx                              0x00000000   Number         0  stubs.o ABSOLUTE
    _printf_longlong_dec                     0x00000000   Number         0  stubs.o ABSOLUTE
    _printf_longlong_hex                     0x00000000   Number         0  stubs.o ABSOLUTE
    _printf_longlong_oct                     0x00000000   Number         0  stubs.o ABSOLUTE
    _printf_ls                               0x00000000   Number         0  stubs.o ABSOLUTE
    _printf_mbtowc                           0x00000000   Number         0  stubs.o ABSOLUTE
    _printf_n                                0x00000000   Number         0  stubs.o ABSOLUTE
    _printf_o                                0x00000000   Number         0  stubs.o ABSOLUTE
    _printf_p                                0x00000000   Number         0  stubs.o ABSOLUTE
    _printf_percent                          0x00000000   Number         0  stubs.o ABSOLUTE
    _printf_pre_padding                      0x00000000   Number         0  stubs.o ABSOLUTE
    _printf_return_value                     0x00000000   Number         0  stubs.o ABSOLUTE
    _printf_s                                0x00000000   Number         0  stubs.o ABSOLUTE
    _printf_sizespec                         0x00000000   Number         0  stubs.o ABSOLUTE
    _printf_str                              0x00000000   Number         0  stubs.o ABSOLUTE
    _printf_truncate_signed                  0x00000000   Number         0  stubs.o ABSOLUTE
    _printf_truncate_unsigned                0x00000000   Number         0  stubs.o ABSOLUTE
    _printf_u                                0x00000000   Number         0  stubs.o ABSOLUTE
    _printf_wc                               0x00000000   Number         0  stubs.o ABSOLUTE
    _printf_wctomb                           0x00000000   Number         0  stubs.o ABSOLUTE
    _printf_widthprec                        0x00000000   Number         0  stubs.o ABSOLUTE
    _printf_x                                0x00000000   Number         0  stubs.o ABSOLUTE
    __arm_fini_                               - Undefined Weak Reference
    __cpp_initialize__aeabi_                  - Undefined Weak Reference
    __cxa_finalize                            - Undefined Weak Reference
    __decompress                              - Undefined Weak Reference
    _clock_init                               - Undefined Weak Reference
    _microlib_exit                            - Undefined Weak Reference
    __Vectors_Size                           0x00000150   Number         0  startup_stm32f10x_cl.o ABSOLUTE
    __Vectors                                0x08000000   Data           4  startup_stm32f10x_cl.o(RESET)
    __Vectors_End                            0x08000150   Data           0  startup_stm32f10x_cl.o(RESET)
    __main                                   0x08000151   Thumb Code     0  entry.o(.ARM.Collect$$$$00000000)
    _main_stk                                0x08000151   Thumb Code     0  entry2.o(.ARM.Collect$$$$00000001)
    _main_scatterload                        0x08000155   Thumb Code     0  entry5.o(.ARM.Collect$$$$00000004)
    __main_after_scatterload                 0x08000159   Thumb Code     0  entry5.o(.ARM.Collect$$$$00000004)
    _main_clock                              0x08000159   Thumb Code     0  entry7b.o(.ARM.Collect$$$$00000008)
    _main_cpp_init                           0x08000159   Thumb Code     0  entry8b.o(.ARM.Collect$$$$0000000A)
    _main_init                               0x08000159   Thumb Code     0  entry9a.o(.ARM.Collect$$$$0000000B)
    __rt_lib_shutdown_fini                   0x08000161   Thumb Code     0  entry12b.o(.ARM.Collect$$$$0000000E)
    __rt_final_cpp                           0x08000165   Thumb Code     0  entry10a.o(.ARM.Collect$$$$0000000F)
    __rt_final_exit                          0x08000165   Thumb Code     0  entry11a.o(.ARM.Collect$$$$00000011)
    SVC_Handler                              0x08000169   Thumb Code    32  port.o(.emb_text)
    __asm___6_port_c_39a90d8d__prvStartFirstTask 0x0800018d   Thumb Code    28  port.o(.emb_text)
    PendSV_Handler                           0x080001ad   Thumb Code    72  port.o(.emb_text)
    vPortGetIPSR                             0x080001f9   Thumb Code     6  port.o(.emb_text)
    Reset_Handler                            0x08000201   Thumb Code     8  startup_stm32f10x_cl.o(.text)
    CAN1_RX0_IRQHandler                      0x0800021b   Thumb Code     0  startup_stm32f10x_cl.o(.text)
    CAN1_RX1_IRQHandler                      0x0800021b   Thumb Code     0  startup_stm32f10x_cl.o(.text)
    CAN1_SCE_IRQHandler                      0x0800021b   Thumb Code     0  startup_stm32f10x_cl.o(.text)
    CAN1_TX_IRQHandler                       0x0800021b   Thumb Code     0  startup_stm32f10x_cl.o(.text)
    CAN2_RX0_IRQHandler                      0x0800021b   Thumb Code     0  startup_stm32f10x_cl.o(.text)
    CAN2_RX1_IRQHandler                      0x0800021b   Thumb Code     0  startup_stm32f10x_cl.o(.text)
    CAN2_SCE_IRQHandler                      0x0800021b   Thumb Code     0  startup_stm32f10x_cl.o(.text)
    CAN2_TX_IRQHandler                       0x0800021b   Thumb Code     0  startup_stm32f10x_cl.o(.text)
    DMA1_Channel1_IRQHandler                 0x0800021b   Thumb Code     0  startup_stm32f10x_cl.o(.text)
    DMA1_Channel2_IRQHandler                 0x0800021b   Thumb Code     0  startup_stm32f10x_cl.o(.text)
    DMA1_Channel3_IRQHandler                 0x0800021b   Thumb Code     0  startup_stm32f10x_cl.o(.text)
    DMA1_Channel4_IRQHandler                 0x0800021b   Thumb Code     0  startup_stm32f10x_cl.o(.text)
    DMA1_Channel5_IRQHandler                 0x0800021b   Thumb Code     0  startup_stm32f10x_cl.o(.text)
    DMA1_Channel6_IRQHandler                 0x0800021b   Thumb Code     0  startup_stm32f10x_cl.o(.text)
    DMA1_Channel7_IRQHandler                 0x0800021b   Thumb Code     0  startup_stm32f10x_cl.o(.text)
    DMA2_Channel1_IRQHandler                 0x0800021b   Thumb Code     0  startup_stm32f10x_cl.o(.text)
    DMA2_Channel2_IRQHandler                 0x0800021b   Thumb Code     0  startup_stm32f10x_cl.o(.text)
    DMA2_Channel3_IRQHandler                 0x0800021b   Thumb Code     0  startup_stm32f10x_cl.o(.text)
    DMA2_Channel4_IRQHandler                 0x0800021b   Thumb Code     0  startup_stm32f10x_cl.o(.text)
    DMA2_Channel5_IRQHandler                 0x0800021b   Thumb Code     0  startup_stm32f10x_cl.o(.text)
    ETH_IRQHandler                           0x0800021b   Thumb Code     0  startup_stm32f10x_cl.o(.text)
    ETH_WKUP_IRQHandler                      0x0800021b   Thumb Code     0  startup_stm32f10x_cl.o(.text)
    EXTI0_IRQHandler                         0x0800021b   Thumb Code     0  startup_stm32f10x_cl.o(.text)
    EXTI15_10_IRQHandler                     0x0800021b   Thumb Code     0  startup_stm32f10x_cl.o(.text)
    EXTI1_IRQHandler                         0x0800021b   Thumb Code     0  startup_stm32f10x_cl.o(.text)
    EXTI2_IRQHandler                         0x0800021b   Thumb Code     0  startup_stm32f10x_cl.o(.text)
    EXTI3_IRQHandler                         0x0800021b   Thumb Code     0  startup_stm32f10x_cl.o(.text)
    EXTI4_IRQHandler                         0x0800021b   Thumb Code     0  startup_stm32f10x_cl.o(.text)
    EXTI9_5_IRQHandler                       0x0800021b   Thumb Code     0  startup_stm32f10x_cl.o(.text)
    FLASH_IRQHandler                         0x0800021b   Thumb Code     0  startup_stm32f10x_cl.o(.text)
    I2C1_ER_IRQHandler                       0x0800021b   Thumb Code     0  startup_stm32f10x_cl.o(.text)
    I2C1_EV_IRQHandler                       0x0800021b   Thumb Code     0  startup_stm32f10x_cl.o(.text)
    I2C2_ER_IRQHandler                       0x0800021b   Thumb Code     0  startup_stm32f10x_cl.o(.text)
    I2C2_EV_IRQHandler                       0x0800021b   Thumb Code     0  startup_stm32f10x_cl.o(.text)
    OTG_FS_IRQHandler                        0x0800021b   Thumb Code     0  startup_stm32f10x_cl.o(.text)
    OTG_FS_WKUP_IRQHandler                   0x0800021b   Thumb Code     0  startup_stm32f10x_cl.o(.text)
    PVD_IRQHandler                           0x0800021b   Thumb Code     0  startup_stm32f10x_cl.o(.text)
    RCC_IRQHandler                           0x0800021b   Thumb Code     0  startup_stm32f10x_cl.o(.text)
    RTCAlarm_IRQHandler                      0x0800021b   Thumb Code     0  startup_stm32f10x_cl.o(.text)
    RTC_IRQHandler                           0x0800021b   Thumb Code     0  startup_stm32f10x_cl.o(.text)
    SPI1_IRQHandler                          0x0800021b   Thumb Code     0  startup_stm32f10x_cl.o(.text)
    SPI2_IRQHandler                          0x0800021b   Thumb Code     0  startup_stm32f10x_cl.o(.text)
    SPI3_IRQHandler                          0x0800021b   Thumb Code     0  startup_stm32f10x_cl.o(.text)
    TAMPER_IRQHandler                        0x0800021b   Thumb Code     0  startup_stm32f10x_cl.o(.text)
    TIM1_BRK_IRQHandler                      0x0800021b   Thumb Code     0  startup_stm32f10x_cl.o(.text)
    TIM1_CC_IRQHandler                       0x0800021b   Thumb Code     0  startup_stm32f10x_cl.o(.text)
    TIM1_TRG_COM_IRQHandler                  0x0800021b   Thumb Code     0  startup_stm32f10x_cl.o(.text)
    TIM1_UP_IRQHandler                       0x0800021b   Thumb Code     0  startup_stm32f10x_cl.o(.text)
    TIM2_IRQHandler                          0x0800021b   Thumb Code     0  startup_stm32f10x_cl.o(.text)
    TIM3_IRQHandler                          0x0800021b   Thumb Code     0  startup_stm32f10x_cl.o(.text)
    TIM4_IRQHandler                          0x0800021b   Thumb Code     0  startup_stm32f10x_cl.o(.text)
    TIM5_IRQHandler                          0x0800021b   Thumb Code     0  startup_stm32f10x_cl.o(.text)
    TIM7_IRQHandler                          0x0800021b   Thumb Code     0  startup_stm32f10x_cl.o(.text)
    UART5_IRQHandler                         0x0800021b   Thumb Code     0  startup_stm32f10x_cl.o(.text)
    USART1_IRQHandler                        0x0800021b   Thumb Code     0  startup_stm32f10x_cl.o(.text)
    USART2_IRQHandler                        0x0800021b   Thumb Code     0  startup_stm32f10x_cl.o(.text)
    USART3_IRQHandler                        0x0800021b   Thumb Code     0  startup_stm32f10x_cl.o(.text)
    WWDG_IRQHandler                          0x0800021b   Thumb Code     0  startup_stm32f10x_cl.o(.text)
    __aeabi_memcpy                           0x08000225   Thumb Code    36  memcpya.o(.text)
    __aeabi_memcpy4                          0x08000225   Thumb Code     0  memcpya.o(.text)
    __aeabi_memcpy8                          0x08000225   Thumb Code     0  memcpya.o(.text)
    __aeabi_dmul                             0x08000249   Thumb Code   228  dmul.o(.text)
    __aeabi_uidiv                            0x0800032d   Thumb Code     0  uidiv.o(.text)
    __aeabi_uidivmod                         0x0800032d   Thumb Code    44  uidiv.o(.text)
    __aeabi_uldivmod                         0x08000359   Thumb Code    98  uldiv.o(.text)
    __I$use$fp                               0x080003bb   Thumb Code     0  iusefp.o(.text)
    _double_round                            0x080003bb   Thumb Code    30  depilogue.o(.text)
    _double_epilogue                         0x080003d9   Thumb Code   156  depilogue.o(.text)
    __aeabi_dadd                             0x08000475   Thumb Code   322  dadd.o(.text)
    __aeabi_dsub                             0x080005b7   Thumb Code     6  dadd.o(.text)
    __aeabi_drsub                            0x080005bd   Thumb Code     6  dadd.o(.text)
    __aeabi_ddiv                             0x080005c3   Thumb Code   222  ddiv.o(.text)
    __aeabi_d2ulz                            0x080006a1   Thumb Code    48  dfixul.o(.text)
    __aeabi_cdrcmple                         0x080006d1   Thumb Code    48  cdrcmple.o(.text)
    __scatterload                            0x08000701   Thumb Code    28  init.o(.text)
    __scatterload_rt2                        0x08000701   Thumb Code     0  init.o(.text)
    __aeabi_llsl                             0x08000725   Thumb Code    30  llshl.o(.text)
    _ll_shift_l                              0x08000725   Thumb Code     0  llshl.o(.text)
    __aeabi_llsr                             0x08000743   Thumb Code    32  llushr.o(.text)
    _ll_ushift_r                             0x08000743   Thumb Code     0  llushr.o(.text)
    __aeabi_lasr                             0x08000763   Thumb Code    36  llsshr.o(.text)
    _ll_sshift_r                             0x08000763   Thumb Code     0  llsshr.o(.text)
    ADC1_2_IRQHandler                        0x08000789   Thumb Code    24  stm32f10x_it.o(i.ADC1_2_IRQHandler)
    ADC_ClearITPendingBit                    0x080007a5   Thumb Code    10  stm32f10x_adc.o(i.ADC_ClearITPendingBit)
    ADC_Cmd                                  0x080007af   Thumb Code    22  stm32f10x_adc.o(i.ADC_Cmd)
    ADC_DMACmd                               0x080007c5   Thumb Code    22  stm32f10x_adc.o(i.ADC_DMACmd)
    ADC_ExternalTrigConvCmd                  0x080007db   Thumb Code    22  stm32f10x_adc.o(i.ADC_ExternalTrigConvCmd)
    ADC_GetCalibrationStatus                 0x080007f1   Thumb Code    20  stm32f10x_adc.o(i.ADC_GetCalibrationStatus)
    ADC_GetITStatus                          0x08000805   Thumb Code    36  stm32f10x_adc.o(i.ADC_GetITStatus)
    ADC_GetResetCalibrationStatus            0x08000829   Thumb Code    20  stm32f10x_adc.o(i.ADC_GetResetCalibrationStatus)
    ADC_Init                                 0x0800083d   Thumb Code    70  stm32f10x_adc.o(i.ADC_Init)
    ADC_RegularChannelConfig                 0x0800088d   Thumb Code   184  stm32f10x_adc.o(i.ADC_RegularChannelConfig)
    ADC_ResetCalibration                     0x08000945   Thumb Code    10  stm32f10x_adc.o(i.ADC_ResetCalibration)
    ADC_SoftwareStartConvCmd                 0x0800094f   Thumb Code    22  stm32f10x_adc.o(i.ADC_SoftwareStartConvCmd)
    ADC_StartCalibration                     0x08000965   Thumb Code    10  stm32f10x_adc.o(i.ADC_StartCalibration)
    ADC_TempSensorVrefintCmd                 0x08000971   Thumb Code    30  stm32f10x_adc.o(i.ADC_TempSensorVrefintCmd)
    ADCx_Init                                0x080009b9   Thumb Code    12  adc.o(i.ADCx_Init)
    BKP_DeInit                               0x08000b39   Thumb Code    16  stm32f10x_bkp.o(i.BKP_DeInit)
    BKP_ReadBackupRegister                   0x08000b49   Thumb Code    24  stm32f10x_bkp.o(i.BKP_ReadBackupRegister)
    BKP_WriteBackupRegister                  0x08000b65   Thumb Code    22  stm32f10x_bkp.o(i.BKP_WriteBackupRegister)
    BusFault_Handler                         0x08000b81   Thumb Code     4  stm32f10x_it.o(i.BusFault_Handler)
    DAC_Cmd                                  0x08000b85   Thumb Code    34  stm32f10x_dac.o(i.DAC_Cmd)
    DAC_Init                                 0x08000bad   Thumb Code    46  stm32f10x_dac.o(i.DAC_Init)
    DAC_SetChannel1Data                      0x08000be1   Thumb Code    26  stm32f10x_dac.o(i.DAC_SetChannel1Data)
    DMA_Cmd                                  0x08000c01   Thumb Code    24  stm32f10x_dma.o(i.DMA_Cmd)
    DMA_DeInit                               0x08000c19   Thumb Code   324  stm32f10x_dma.o(i.DMA_DeInit)
    DMA_GetCurrDataCounter                   0x08000d65   Thumb Code     8  stm32f10x_dma.o(i.DMA_GetCurrDataCounter)
    DMA_Init                                 0x08000d6d   Thumb Code    60  stm32f10x_dma.o(i.DMA_Init)
    DMA_SetCurrDataCounter                   0x08000da9   Thumb Code     4  stm32f10x_dma.o(i.DMA_SetCurrDataCounter)
    DebugMon_Handler                         0x08000dad   Thumb Code     2  stm32f10x_it.o(i.DebugMon_Handler)
    GPIO_Init                                0x08000daf   Thumb Code   278  stm32f10x_gpio.o(i.GPIO_Init)
    GPIO_SetBits                             0x08000ec5   Thumb Code     4  stm32f10x_gpio.o(i.GPIO_SetBits)
    HardFault_Handler                        0x08000ec9   Thumb Code     4  stm32f10x_it.o(i.HardFault_Handler)
    I2C_AcknowledgeConfig                    0x08000ecd   Thumb Code    24  stm32f10x_i2c.o(i.I2C_AcknowledgeConfig)
    I2C_CheckEvent                           0x08000ee5   Thumb Code    42  stm32f10x_i2c.o(i.I2C_CheckEvent)
    I2C_ClearFlag                            0x08000f0f   Thumb Code    12  stm32f10x_i2c.o(i.I2C_ClearFlag)
    I2C_Cmd                                  0x08000f1b   Thumb Code    24  stm32f10x_i2c.o(i.I2C_Cmd)
    I2C_GenerateSTART                        0x08000f33   Thumb Code    24  stm32f10x_i2c.o(i.I2C_GenerateSTART)
    I2C_GenerateSTOP                         0x08000f4b   Thumb Code    24  stm32f10x_i2c.o(i.I2C_GenerateSTOP)
    I2C_GetFlagStatus                        0x08000f63   Thumb Code    58  stm32f10x_i2c.o(i.I2C_GetFlagStatus)
    I2C_Init                                 0x08000f9d   Thumb Code   222  stm32f10x_i2c.o(i.I2C_Init)
    I2C_ReadRegister                         0x08001089   Thumb Code    22  stm32f10x_i2c.o(i.I2C_ReadRegister)
    I2C_ReceiveData                          0x0800109f   Thumb Code     8  stm32f10x_i2c.o(i.I2C_ReceiveData)
    I2C_Send7bitAddress                      0x080010a7   Thumb Code    18  stm32f10x_i2c.o(i.I2C_Send7bitAddress)
    I2C_SendData                             0x080010b9   Thumb Code     4  stm32f10x_i2c.o(i.I2C_SendData)
    MemManage_Handler                        0x080010e9   Thumb Code     4  stm32f10x_it.o(i.MemManage_Handler)
    NMI_Handler                              0x080010ed   Thumb Code     2  stm32f10x_it.o(i.NMI_Handler)
    NVIC_Init                                0x08001111   Thumb Code   100  misc.o(i.NVIC_Init)
    NVIC_PriorityGroupConfig                 0x08001181   Thumb Code    10  misc.o(i.NVIC_PriorityGroupConfig)
    PWR_BackupAccessCmd                      0x08001195   Thumb Code     6  stm32f10x_pwr.o(i.PWR_BackupAccessCmd)
    RCC_ADCCLKConfig                         0x080011a1   Thumb Code    18  stm32f10x_rcc.o(i.RCC_ADCCLKConfig)
    RCC_AHBPeriphClockCmd                    0x080011b9   Thumb Code    26  stm32f10x_rcc.o(i.RCC_AHBPeriphClockCmd)
    RCC_APB1PeriphClockCmd                   0x080011d9   Thumb Code    26  stm32f10x_rcc.o(i.RCC_APB1PeriphClockCmd)
    RCC_APB2PeriphClockCmd                   0x080011f9   Thumb Code    26  stm32f10x_rcc.o(i.RCC_APB2PeriphClockCmd)
    RCC_BackupResetCmd                       0x08001219   Thumb Code     6  stm32f10x_rcc.o(i.RCC_BackupResetCmd)
    RCC_GetClocksFreq                        0x08001225   Thumb Code   192  stm32f10x_rcc.o(i.RCC_GetClocksFreq)
    RCC_GetFlagStatus                        0x080012f9   Thumb Code    56  stm32f10x_rcc.o(i.RCC_GetFlagStatus)
    RCC_LSEConfig                            0x08001335   Thumb Code    46  stm32f10x_rcc.o(i.RCC_LSEConfig)
    RCC_RTCCLKCmd                            0x08001369   Thumb Code     6  stm32f10x_rcc.o(i.RCC_RTCCLKCmd)
    RCC_RTCCLKConfig                         0x08001375   Thumb Code    12  stm32f10x_rcc.o(i.RCC_RTCCLKConfig)
    RTC_EnterConfigMode                      0x08001385   Thumb Code    14  stm32f10x_rtc.o(i.RTC_EnterConfigMode)
    RTC_ExitConfigMode                       0x08001399   Thumb Code    16  stm32f10x_rtc.o(i.RTC_ExitConfigMode)
    RTC_Init                                 0x080013ad   Thumb Code   120  rtc.o(i.RTC_Init)
    RTC_SetCounter                           0x08001429   Thumb Code    24  stm32f10x_rtc.o(i.RTC_SetCounter)
    RTC_SetDateTime                          0x08001445   Thumb Code   144  rtc.o(i.RTC_SetDateTime)
    RTC_SetPrescaler                         0x080014d9   Thumb Code    26  stm32f10x_rtc.o(i.RTC_SetPrescaler)
    RTC_WaitForLastTask                      0x080014f9   Thumb Code    16  stm32f10x_rtc.o(i.RTC_WaitForLastTask)
    RTC_WaitForSynchro                       0x0800150d   Thumb Code    30  stm32f10x_rtc.o(i.RTC_WaitForSynchro)
    SysTick_Handler                          0x08001619   Thumb Code     8  stm32f10x_it.o(i.SysTick_Handler)
    SystemInit                               0x08001621   Thumb Code    78  system_stm32f10x.o(i.SystemInit)
    TIM6_IRQHandler                          0x08001681   Thumb Code    54  stm32f10x_it.o(i.TIM6_IRQHandler)
    TIM_ClearFlag                            0x080016c5   Thumb Code     6  stm32f10x_tim.o(i.TIM_ClearFlag)
    TIM_ClearITPendingBit                    0x080016cb   Thumb Code     6  stm32f10x_tim.o(i.TIM_ClearITPendingBit)
    TIM_Cmd                                  0x080016d1   Thumb Code    24  stm32f10x_tim.o(i.TIM_Cmd)
    TIM_CtrlPWMOutputs                       0x080016e9   Thumb Code    30  stm32f10x_tim.o(i.TIM_CtrlPWMOutputs)
    TIM_GetITStatus                          0x08001707   Thumb Code    34  stm32f10x_tim.o(i.TIM_GetITStatus)
    TIM_ITConfig                             0x08001729   Thumb Code    18  stm32f10x_tim.o(i.TIM_ITConfig)
    TIM_OC1Init                              0x0800173d   Thumb Code   132  stm32f10x_tim.o(i.TIM_OC1Init)
    TIM_OC1PreloadConfig                     0x080017d5   Thumb Code    18  stm32f10x_tim.o(i.TIM_OC1PreloadConfig)
    TIM_TimeBaseInit                         0x080017e9   Thumb Code   122  stm32f10x_tim.o(i.TIM_TimeBaseInit)
    UART4_IRQHandler                         0x0800188d   Thumb Code    90  stm32f10x_it.o(i.UART4_IRQHandler)
    USART_ClearFlag                          0x080018f9   Thumb Code    18  stm32f10x_usart.o(i.USART_ClearFlag)
    USART_Cmd                                0x0800190b   Thumb Code    24  stm32f10x_usart.o(i.USART_Cmd)
    USART_Config                             0x08001925   Thumb Code   228  uart.o(i.USART_Config)
    USART_DMACmd                             0x08001a19   Thumb Code    18  stm32f10x_usart.o(i.USART_DMACmd)
    USART_GetFlagStatus                      0x08001a2b   Thumb Code    26  stm32f10x_usart.o(i.USART_GetFlagStatus)
    USART_GetITStatus                        0x08001a45   Thumb Code    84  stm32f10x_usart.o(i.USART_GetITStatus)
    USART_ITConfig                           0x08001a99   Thumb Code    74  stm32f10x_usart.o(i.USART_ITConfig)
    USART_Init                               0x08001ae5   Thumb Code   210  stm32f10x_usart.o(i.USART_Init)
    USART_ReceiveData                        0x08001bbd   Thumb Code    10  stm32f10x_usart.o(i.USART_ReceiveData)
    USART_SendData                           0x08001bc7   Thumb Code     8  stm32f10x_usart.o(i.USART_SendData)
    UsageFault_Handler                       0x08001bcf   Thumb Code     4  stm32f10x_it.o(i.UsageFault_Handler)
    __0printf                                0x08001bd5   Thumb Code    22  printfa.o(i.__0printf)
    __1printf                                0x08001bd5   Thumb Code     0  printfa.o(i.__0printf)
    __2printf                                0x08001bd5   Thumb Code     0  printfa.o(i.__0printf)
    __c89printf                              0x08001bd5   Thumb Code     0  printfa.o(i.__0printf)
    printf                                   0x08001bd5   Thumb Code     0  printfa.o(i.__0printf)
    __scatterload_copy                       0x08001bf5   Thumb Code    14  handlers.o(i.__scatterload_copy)
    __scatterload_null                       0x08001c03   Thumb Code     2  handlers.o(i.__scatterload_null)
    __scatterload_zeroinit                   0x08001c05   Thumb Code    14  handlers.o(i.__scatterload_zeroinit)
    dacInit                                  0x08002505   Thumb Code     8  dac.o(i.dacInit)
    fputc                                    0x0800250d   Thumb Code    32  uart.o(i.fputc)
    gpioInit                                 0x08002531   Thumb Code    46  gpio.o(i.gpioInit)
    iic1PageWrite                            0x08002565   Thumb Code   286  iic.o(i.iic1PageWrite)
    iic1Read                                 0x08002699   Thumb Code   418  iic.o(i.iic1Read)
    iic1Wait                                 0x08002851   Thumb Code    72  iic.o(i.iic1Wait)
    iic1Write                                0x080028a5   Thumb Code   298  iic.o(i.iic1Write)
    iicInit                                  0x080029d1   Thumb Code   136  iic.o(i.iicInit)
    initCpu                                  0x08002a69   Thumb Code    40  cpu.o(i.initCpu)
    is_leap_year                             0x08002abb   Thumb Code    52  rtc.o(i.is_leap_year)
    is_valid_date                            0x08002af1   Thumb Code    62  rtc.o(i.is_valid_date)
    main                                     0x08002b35   Thumb Code    44  main.o(i.main)
    timInit                                  0x08002d0d   Thumb Code    18  tim.o(i.timInit)
    uxListRemove                             0x08002d1f   Thumb Code    40  list.o(i.uxListRemove)
    vListInsertEnd                           0x08002d47   Thumb Code    24  list.o(i.vListInsertEnd)
    vPortValidateInterruptPriority           0x08002d61   Thumb Code    86  port.o(i.vPortValidateInterruptPriority)
    vTaskSwitchContext                       0x08002df9   Thumb Code   162  tasks.o(i.vTaskSwitchContext)
    xPortSysTickHandler                      0x08002ee1   Thumb Code    46  port.o(i.xPortSysTickHandler)
    xQueueGenericSendFromISR                 0x08002f15   Thumb Code   218  queue.o(i.xQueueGenericSendFromISR)
    xTaskIncrementTick                       0x08003015   Thumb Code   272  tasks.o(i.xTaskIncrementTick)
    xTaskRemoveFromEventList                 0x08003175   Thumb Code   118  tasks.o(i.xTaskRemoveFromEventList)
    days_in_month                            0x08003228   Data          13  rtc.o(.constdata)
    Region$$Table$$Base                      0x08003244   Number         0  anon$$obj.o(Region$$Table)
    Region$$Table$$Limit                     0x08003264   Number         0  anon$$obj.o(Region$$Table)
    modbusQueue                              0x20000014   Data           4  main.o(.data)
    flag                                     0x20000018   Data           1  main.o(.data)
    CPU_RunTime                              0x2000001c   Data           4  stm32f10x_it.o(.data)
    p_CNT_1s                                 0x20000022   Data           2  stm32f10x_it.o(.data)
    EEPROM_ADDRESS                           0x20000048   Data           2  iic.o(.data)
    pxCurrentTCB                             0x2000005c   Data           4  tasks.o(.data)
    __stdout                                 0x200000a0   Data           4  stdout.o(.data)
    p_clockDisplay                           0x200000a4   Data          10  main.o(.bss)
    regisiter                                0x200000b0   Data         512  main.o(.bss)
    data                                     0x200002b0   Data          10  main.o(.bss)
    data1                                    0x200002ba   Data          10  main.o(.bss)
    p_rxbuff                                 0x200002c4   Data         512  stm32f10x_it.o(.bss)
    p_txbuff                                 0x200004c4   Data         512  stm32f10x_it.o(.bss)
    __initial_sp                             0x20000da8   Data           0  startup_stm32f10x_cl.o(STACK)



==============================================================================

Memory Map of the image

  Image Entry point : 0x08000151

  Load Region LR_IROM1 (Base: 0x08000000, Size: 0x00003308, Max: 0x00080000, ABSOLUTE)

    Execution Region ER_IROM1 (Exec base: 0x08000000, Load base: 0x08000000, Size: 0x00003264, Max: 0x00080000, ABSOLUTE)

    Exec Addr    Load Addr    Size         Type   Attr      Idx    E Section Name        Object

    0x08000000   0x08000000   0x00000150   Data   RO            3    RESET               startup_stm32f10x_cl.o
    0x08000150   0x08000150   0x00000000   Code   RO         4378  * .ARM.Collect$$$$00000000  mc_w.l(entry.o)
    0x08000150   0x08000150   0x00000004   Code   RO         4668    .ARM.Collect$$$$00000001  mc_w.l(entry2.o)
    0x08000154   0x08000154   0x00000004   Code   RO         4671    .ARM.Collect$$$$00000004  mc_w.l(entry5.o)
    0x08000158   0x08000158   0x00000000   Code   RO         4673    .ARM.Collect$$$$00000008  mc_w.l(entry7b.o)
    0x08000158   0x08000158   0x00000000   Code   RO         4675    .ARM.Collect$$$$0000000A  mc_w.l(entry8b.o)
    0x08000158   0x08000158   0x00000008   Code   RO         4676    .ARM.Collect$$$$0000000B  mc_w.l(entry9a.o)
    0x08000160   0x08000160   0x00000004   Code   RO         4683    .ARM.Collect$$$$0000000E  mc_w.l(entry12b.o)
    0x08000164   0x08000164   0x00000000   Code   RO         4678    .ARM.Collect$$$$0000000F  mc_w.l(entry10a.o)
    0x08000164   0x08000164   0x00000000   Code   RO         4680    .ARM.Collect$$$$00000011  mc_w.l(entry11a.o)
    0x08000164   0x08000164   0x00000004   Code   RO         4669    .ARM.Collect$$$$00002712  mc_w.l(entry2.o)
    0x08000168   0x08000168   0x00000096   Code   RO         3658    .emb_text           port.o
    0x080001fe   0x080001fe   0x00000002   PAD
    0x08000200   0x08000200   0x00000024   Code   RO            4    .text               startup_stm32f10x_cl.o
    0x08000224   0x08000224   0x00000024   Code   RO         4381    .text               mc_w.l(memcpya.o)
    0x08000248   0x08000248   0x000000e4   Code   RO         4658    .text               mf_w.l(dmul.o)
    0x0800032c   0x0800032c   0x0000002c   Code   RO         4685    .text               mc_w.l(uidiv.o)
    0x08000358   0x08000358   0x00000062   Code   RO         4687    .text               mc_w.l(uldiv.o)
    0x080003ba   0x080003ba   0x00000000   Code   RO         4689    .text               mc_w.l(iusefp.o)
    0x080003ba   0x080003ba   0x000000ba   Code   RO         4692    .text               mf_w.l(depilogue.o)
    0x08000474   0x08000474   0x0000014e   Code   RO         4694    .text               mf_w.l(dadd.o)
    0x080005c2   0x080005c2   0x000000de   Code   RO         4696    .text               mf_w.l(ddiv.o)
    0x080006a0   0x080006a0   0x00000030   Code   RO         4698    .text               mf_w.l(dfixul.o)
    0x080006d0   0x080006d0   0x00000030   Code   RO         4700    .text               mf_w.l(cdrcmple.o)
    0x08000700   0x08000700   0x00000024   Code   RO         4702    .text               mc_w.l(init.o)
    0x08000724   0x08000724   0x0000001e   Code   RO         4704    .text               mc_w.l(llshl.o)
    0x08000742   0x08000742   0x00000020   Code   RO         4706    .text               mc_w.l(llushr.o)
    0x08000762   0x08000762   0x00000024   Code   RO         4708    .text               mc_w.l(llsshr.o)
    0x08000786   0x08000786   0x00000002   PAD
    0x08000788   0x08000788   0x0000001c   Code   RO          213    i.ADC1_2_IRQHandler  stm32f10x_it.o
    0x080007a4   0x080007a4   0x0000000a   Code   RO          403    i.ADC_ClearITPendingBit  stm32f10x_adc.o
    0x080007ae   0x080007ae   0x00000016   Code   RO          404    i.ADC_Cmd           stm32f10x_adc.o
    0x080007c4   0x080007c4   0x00000016   Code   RO          405    i.ADC_DMACmd        stm32f10x_adc.o
    0x080007da   0x080007da   0x00000016   Code   RO          409    i.ADC_ExternalTrigConvCmd  stm32f10x_adc.o
    0x080007f0   0x080007f0   0x00000014   Code   RO          412    i.ADC_GetCalibrationStatus  stm32f10x_adc.o
    0x08000804   0x08000804   0x00000024   Code   RO          416    i.ADC_GetITStatus   stm32f10x_adc.o
    0x08000828   0x08000828   0x00000014   Code   RO          418    i.ADC_GetResetCalibrationStatus  stm32f10x_adc.o
    0x0800083c   0x0800083c   0x00000050   Code   RO          422    i.ADC_Init          stm32f10x_adc.o
    0x0800088c   0x0800088c   0x000000b8   Code   RO          426    i.ADC_RegularChannelConfig  stm32f10x_adc.o
    0x08000944   0x08000944   0x0000000a   Code   RO          427    i.ADC_ResetCalibration  stm32f10x_adc.o
    0x0800094e   0x0800094e   0x00000016   Code   RO          429    i.ADC_SoftwareStartConvCmd  stm32f10x_adc.o
    0x08000964   0x08000964   0x0000000a   Code   RO          431    i.ADC_StartCalibration  stm32f10x_adc.o
    0x0800096e   0x0800096e   0x00000002   PAD
    0x08000970   0x08000970   0x00000024   Code   RO          433    i.ADC_TempSensorVrefintCmd  stm32f10x_adc.o
    0x08000994   0x08000994   0x00000024   Code   RO         3474    i.ADCx_GPIO_Config  adc.o
    0x080009b8   0x080009b8   0x0000000c   Code   RO         3475    i.ADCx_Init         adc.o
    0x080009c4   0x080009c4   0x00000174   Code   RO         3476    i.ADCx_Mode_Config  adc.o
    0x08000b38   0x08000b38   0x00000010   Code   RO          622    i.BKP_DeInit        stm32f10x_bkp.o
    0x08000b48   0x08000b48   0x0000001c   Code   RO          627    i.BKP_ReadBackupRegister  stm32f10x_bkp.o
    0x08000b64   0x08000b64   0x0000001c   Code   RO          631    i.BKP_WriteBackupRegister  stm32f10x_bkp.o
    0x08000b80   0x08000b80   0x00000004   Code   RO          214    i.BusFault_Handler  stm32f10x_it.o
    0x08000b84   0x08000b84   0x00000028   Code   RO          985    i.DAC_Cmd           stm32f10x_dac.o
    0x08000bac   0x08000bac   0x00000034   Code   RO          990    i.DAC_Init          stm32f10x_dac.o
    0x08000be0   0x08000be0   0x00000020   Code   RO          991    i.DAC_SetChannel1Data  stm32f10x_dac.o
    0x08000c00   0x08000c00   0x00000018   Code   RO         1089    i.DMA_Cmd           stm32f10x_dma.o
    0x08000c18   0x08000c18   0x0000014c   Code   RO         1090    i.DMA_DeInit        stm32f10x_dma.o
    0x08000d64   0x08000d64   0x00000008   Code   RO         1091    i.DMA_GetCurrDataCounter  stm32f10x_dma.o
    0x08000d6c   0x08000d6c   0x0000003c   Code   RO         1095    i.DMA_Init          stm32f10x_dma.o
    0x08000da8   0x08000da8   0x00000004   Code   RO         1096    i.DMA_SetCurrDataCounter  stm32f10x_dma.o
    0x08000dac   0x08000dac   0x00000002   Code   RO          215    i.DebugMon_Handler  stm32f10x_it.o
    0x08000dae   0x08000dae   0x00000116   Code   RO         1513    i.GPIO_Init         stm32f10x_gpio.o
    0x08000ec4   0x08000ec4   0x00000004   Code   RO         1521    i.GPIO_SetBits      stm32f10x_gpio.o
    0x08000ec8   0x08000ec8   0x00000004   Code   RO          216    i.HardFault_Handler  stm32f10x_it.o
    0x08000ecc   0x08000ecc   0x00000018   Code   RO         1622    i.I2C_AcknowledgeConfig  stm32f10x_i2c.o
    0x08000ee4   0x08000ee4   0x0000002a   Code   RO         1624    i.I2C_CheckEvent    stm32f10x_i2c.o
    0x08000f0e   0x08000f0e   0x0000000c   Code   RO         1625    i.I2C_ClearFlag     stm32f10x_i2c.o
    0x08000f1a   0x08000f1a   0x00000018   Code   RO         1627    i.I2C_Cmd           stm32f10x_i2c.o
    0x08000f32   0x08000f32   0x00000018   Code   RO         1634    i.I2C_GenerateSTART  stm32f10x_i2c.o
    0x08000f4a   0x08000f4a   0x00000018   Code   RO         1635    i.I2C_GenerateSTOP  stm32f10x_i2c.o
    0x08000f62   0x08000f62   0x0000003a   Code   RO         1636    i.I2C_GetFlagStatus  stm32f10x_i2c.o
    0x08000f9c   0x08000f9c   0x000000ec   Code   RO         1641    i.I2C_Init          stm32f10x_i2c.o
    0x08001088   0x08001088   0x00000016   Code   RO         1645    i.I2C_ReadRegister  stm32f10x_i2c.o
    0x0800109e   0x0800109e   0x00000008   Code   RO         1646    i.I2C_ReceiveData   stm32f10x_i2c.o
    0x080010a6   0x080010a6   0x00000012   Code   RO         1648    i.I2C_Send7bitAddress  stm32f10x_i2c.o
    0x080010b8   0x080010b8   0x00000004   Code   RO         1649    i.I2C_SendData      stm32f10x_i2c.o
    0x080010bc   0x080010bc   0x0000002c   Code   RO         3537    i.I2C_TIMEOUT_UserCallback  iic.o
    0x080010e8   0x080010e8   0x00000004   Code   RO          217    i.MemManage_Handler  stm32f10x_it.o
    0x080010ec   0x080010ec   0x00000002   Code   RO          218    i.NMI_Handler       stm32f10x_it.o
    0x080010ee   0x080010ee   0x00000022   Code   RO         3408    i.NVIC_Configuration  uart.o
    0x08001110   0x08001110   0x00000070   Code   RO          362    i.NVIC_Init         misc.o
    0x08001180   0x08001180   0x00000014   Code   RO          363    i.NVIC_PriorityGroupConfig  misc.o
    0x08001194   0x08001194   0x0000000c   Code   RO         1867    i.PWR_BackupAccessCmd  stm32f10x_pwr.o
    0x080011a0   0x080011a0   0x00000018   Code   RO         1927    i.RCC_ADCCLKConfig  stm32f10x_rcc.o
    0x080011b8   0x080011b8   0x00000020   Code   RO         1928    i.RCC_AHBPeriphClockCmd  stm32f10x_rcc.o
    0x080011d8   0x080011d8   0x00000020   Code   RO         1929    i.RCC_APB1PeriphClockCmd  stm32f10x_rcc.o
    0x080011f8   0x080011f8   0x00000020   Code   RO         1931    i.RCC_APB2PeriphClockCmd  stm32f10x_rcc.o
    0x08001218   0x08001218   0x0000000c   Code   RO         1934    i.RCC_BackupResetCmd  stm32f10x_rcc.o
    0x08001224   0x08001224   0x000000d4   Code   RO         1939    i.RCC_GetClocksFreq  stm32f10x_rcc.o
    0x080012f8   0x080012f8   0x0000003c   Code   RO         1940    i.RCC_GetFlagStatus  stm32f10x_rcc.o
    0x08001334   0x08001334   0x00000034   Code   RO         1947    i.RCC_LSEConfig     stm32f10x_rcc.o
    0x08001368   0x08001368   0x0000000c   Code   RO         1954    i.RCC_RTCCLKCmd     stm32f10x_rcc.o
    0x08001374   0x08001374   0x00000010   Code   RO         1955    i.RCC_RTCCLKConfig  stm32f10x_rcc.o
    0x08001384   0x08001384   0x00000014   Code   RO         2129    i.RTC_EnterConfigMode  stm32f10x_rtc.o
    0x08001398   0x08001398   0x00000014   Code   RO         2130    i.RTC_ExitConfigMode  stm32f10x_rtc.o
    0x080013ac   0x080013ac   0x0000007c   Code   RO         3357    i.RTC_Init          rtc.o
    0x08001428   0x08001428   0x0000001c   Code   RO         2137    i.RTC_SetCounter    stm32f10x_rtc.o
    0x08001444   0x08001444   0x00000094   Code   RO         3358    i.RTC_SetDateTime   rtc.o
    0x080014d8   0x080014d8   0x00000020   Code   RO         2138    i.RTC_SetPrescaler  stm32f10x_rtc.o
    0x080014f8   0x080014f8   0x00000014   Code   RO         2139    i.RTC_WaitForLastTask  stm32f10x_rtc.o
    0x0800150c   0x0800150c   0x00000024   Code   RO         2140    i.RTC_WaitForSynchro  stm32f10x_rtc.o
    0x08001530   0x08001530   0x00000008   Code   RO          328    i.SetSysClock       system_stm32f10x.o
    0x08001538   0x08001538   0x000000e0   Code   RO          329    i.SetSysClockTo72   system_stm32f10x.o
    0x08001618   0x08001618   0x00000008   Code   RO          219    i.SysTick_Handler   stm32f10x_it.o
    0x08001620   0x08001620   0x00000060   Code   RO          331    i.SystemInit        system_stm32f10x.o
    0x08001680   0x08001680   0x00000044   Code   RO          220    i.TIM6_IRQHandler   stm32f10x_it.o
    0x080016c4   0x080016c4   0x00000006   Code   RO         2557    i.TIM_ClearFlag     stm32f10x_tim.o
    0x080016ca   0x080016ca   0x00000006   Code   RO         2558    i.TIM_ClearITPendingBit  stm32f10x_tim.o
    0x080016d0   0x080016d0   0x00000018   Code   RO         2563    i.TIM_Cmd           stm32f10x_tim.o
    0x080016e8   0x080016e8   0x0000001e   Code   RO         2565    i.TIM_CtrlPWMOutputs  stm32f10x_tim.o
    0x08001706   0x08001706   0x00000022   Code   RO         2584    i.TIM_GetITStatus   stm32f10x_tim.o
    0x08001728   0x08001728   0x00000012   Code   RO         2588    i.TIM_ITConfig      stm32f10x_tim.o
    0x0800173a   0x0800173a   0x00000002   PAD
    0x0800173c   0x0800173c   0x00000098   Code   RO         2592    i.TIM_OC1Init       stm32f10x_tim.o
    0x080017d4   0x080017d4   0x00000012   Code   RO         2595    i.TIM_OC1PreloadConfig  stm32f10x_tim.o
    0x080017e6   0x080017e6   0x00000002   PAD
    0x080017e8   0x080017e8   0x000000a4   Code   RO         2634    i.TIM_TimeBaseInit  stm32f10x_tim.o
    0x0800188c   0x0800188c   0x0000006c   Code   RO          221    i.UART4_IRQHandler  stm32f10x_it.o
    0x080018f8   0x080018f8   0x00000012   Code   RO         3095    i.USART_ClearFlag   stm32f10x_usart.o
    0x0800190a   0x0800190a   0x00000018   Code   RO         3099    i.USART_Cmd         stm32f10x_usart.o
    0x08001922   0x08001922   0x00000002   PAD
    0x08001924   0x08001924   0x000000f4   Code   RO         3409    i.USART_Config      uart.o
    0x08001a18   0x08001a18   0x00000012   Code   RO         3100    i.USART_DMACmd      stm32f10x_usart.o
    0x08001a2a   0x08001a2a   0x0000001a   Code   RO         3102    i.USART_GetFlagStatus  stm32f10x_usart.o
    0x08001a44   0x08001a44   0x00000054   Code   RO         3103    i.USART_GetITStatus  stm32f10x_usart.o
    0x08001a98   0x08001a98   0x0000004a   Code   RO         3105    i.USART_ITConfig    stm32f10x_usart.o
    0x08001ae2   0x08001ae2   0x00000002   PAD
    0x08001ae4   0x08001ae4   0x000000d8   Code   RO         3106    i.USART_Init        stm32f10x_usart.o
    0x08001bbc   0x08001bbc   0x0000000a   Code   RO         3113    i.USART_ReceiveData  stm32f10x_usart.o
    0x08001bc6   0x08001bc6   0x00000008   Code   RO         3116    i.USART_SendData    stm32f10x_usart.o
    0x08001bce   0x08001bce   0x00000004   Code   RO          222    i.UsageFault_Handler  stm32f10x_it.o
    0x08001bd2   0x08001bd2   0x00000002   PAD
    0x08001bd4   0x08001bd4   0x00000020   Code   RO         4624    i.__0printf         mc_w.l(printfa.o)
    0x08001bf4   0x08001bf4   0x0000000e   Code   RO         4712    i.__scatterload_copy  mc_w.l(handlers.o)
    0x08001c02   0x08001c02   0x00000002   Code   RO         4713    i.__scatterload_null  mc_w.l(handlers.o)
    0x08001c04   0x08001c04   0x0000000e   Code   RO         4714    i.__scatterload_zeroinit  mc_w.l(handlers.o)
    0x08001c12   0x08001c12   0x00000002   PAD
    0x08001c14   0x08001c14   0x00000184   Code   RO         4631    i._fp_digits        mc_w.l(printfa.o)
    0x08001d98   0x08001d98   0x000006b4   Code   RO         4632    i._printf_core      mc_w.l(printfa.o)
    0x0800244c   0x0800244c   0x00000024   Code   RO         4633    i._printf_post_padding  mc_w.l(printfa.o)
    0x08002470   0x08002470   0x0000002e   Code   RO         4634    i._printf_pre_padding  mc_w.l(printfa.o)
    0x0800249e   0x0800249e   0x00000002   PAD
    0x080024a0   0x080024a0   0x00000064   Code   RO         3516    i.dacConfig         dac.o
    0x08002504   0x08002504   0x00000008   Code   RO         3517    i.dacInit           dac.o
    0x0800250c   0x0800250c   0x00000024   Code   RO         3415    i.fputc             uart.o
    0x08002530   0x08002530   0x00000034   Code   RO         3462    i.gpioInit          gpio.o
    0x08002564   0x08002564   0x00000134   Code   RO         3539    i.iic1PageWrite     iic.o
    0x08002698   0x08002698   0x000001b8   Code   RO         3540    i.iic1Read          iic.o
    0x08002850   0x08002850   0x00000054   Code   RO         3541    i.iic1Wait          iic.o
    0x080028a4   0x080028a4   0x0000012a   Code   RO         3542    i.iic1Write         iic.o
    0x080029ce   0x080029ce   0x00000002   PAD
    0x080029d0   0x080029d0   0x00000098   Code   RO         3543    i.iicInit           iic.o
    0x08002a68   0x08002a68   0x00000028   Code   RO          291    i.initCpu           cpu.o
    0x08002a90   0x08002a90   0x0000002a   Code   RO          292    i.interruptInit     cpu.o
    0x08002aba   0x08002aba   0x00000034   Code   RO         3360    i.is_leap_year      rtc.o
    0x08002aee   0x08002aee   0x00000002   PAD
    0x08002af0   0x08002af0   0x00000044   Code   RO         3361    i.is_valid_date     rtc.o
    0x08002b34   0x08002b34   0x00000038   Code   RO           13    i.main              main.o
    0x08002b6c   0x08002b6c   0x00000024   Code   RO          293    i.periphClockInit   cpu.o
    0x08002b90   0x08002b90   0x0000006a   Code   RO         3881    i.prvCopyDataToQueue  queue.o
    0x08002bfa   0x08002bfa   0x00000002   PAD
    0x08002bfc   0x08002bfc   0x00000034   Code   RO         4051    i.prvResetNextTaskUnblockTime  tasks.o
    0x08002c30   0x08002c30   0x00000070   Code   RO         3329    i.timConfigBeep     tim.o
    0x08002ca0   0x08002ca0   0x00000048   Code   RO         3330    i.timConfig_10ms    tim.o
    0x08002ce8   0x08002ce8   0x00000024   Code   RO         3331    i.timGpioInitBeep   tim.o
    0x08002d0c   0x08002d0c   0x00000012   Code   RO         3332    i.timInit           tim.o
    0x08002d1e   0x08002d1e   0x00000028   Code   RO         3843    i.uxListRemove      list.o
    0x08002d46   0x08002d46   0x00000018   Code   RO         3847    i.vListInsertEnd    list.o
    0x08002d5e   0x08002d5e   0x00000002   PAD
    0x08002d60   0x08002d60   0x00000098   Code   RO         3665    i.vPortValidateInterruptPriority  port.o
    0x08002df8   0x08002df8   0x000000e8   Code   RO         4080    i.vTaskSwitchContext  tasks.o
    0x08002ee0   0x08002ee0   0x00000034   Code   RO         3667    i.xPortSysTickHandler  port.o
    0x08002f14   0x08002f14   0x00000100   Code   RO         3899    i.xQueueGenericSendFromISR  queue.o
    0x08003014   0x08003014   0x00000160   Code   RO         4087    i.xTaskIncrementTick  tasks.o
    0x08003174   0x08003174   0x000000b4   Code   RO         4090    i.xTaskRemoveFromEventList  tasks.o
    0x08003228   0x08003228   0x0000001a   Data   RO         3363    .constdata          rtc.o
    0x08003242   0x08003242   0x00000002   PAD
    0x08003244   0x08003244   0x00000020   Data   RO         4710    Region$$Table       anon$$obj.o


    Execution Region RW_IRAM1 (Exec base: 0x20000000, Load base: 0x08003264, Size: 0x00000da8, Max: 0x00010000, ABSOLUTE)

    Exec Addr    Load Addr    Size         Type   Attr      Idx    E Section Name        Object

    0x20000000   0x08003264   0x00000019   Data   RW           17    .data               main.o
    0x20000019   0x0800327d   0x00000003   PAD
    0x2000001c   0x08003280   0x00000008   Data   RW          224    .data               stm32f10x_it.o
    0x20000024   0x08003288   0x00000014   Data   RW         1959    .data               stm32f10x_rcc.o
    0x20000038   0x0800329c   0x00000010   Data   RW         3481    .data               adc.o
    0x20000048   0x080032ac   0x00000008   Data   RW         3544    .data               iic.o
    0x20000050   0x080032b4   0x0000000c   Data   RW         3668    .data               port.o
    0x2000005c   0x080032c0   0x00000044   Data   RW         4095    .data               tasks.o
    0x200000a0   0x08003304   0x00000004   Data   RW         4684    .data               mc_w.l(stdout.o)
    0x200000a4        -       0x00000220   Zero   RW           16    .bss                main.o
    0x200002c4        -       0x00000400   Zero   RW          223    .bss                stm32f10x_it.o
    0x200006c4        -       0x000002e4   Zero   RW         4094    .bss                tasks.o
    0x200009a8        -       0x00000400   Zero   RW            1    STACK               startup_stm32f10x_cl.o


==============================================================================

Image component sizes


      Code (inc. data)   RO Data    RW Data    ZI Data      Debug   Object Name

       420         22          0         16          0       2253   adc.o
       118          0          0          0          0       1162   cpu.o
       108          4          0          0          0        906   dac.o
         0          0          0          0          0       5020   event_groups.o
        52          6          0          0          0        451   gpio.o
      1326        100          0          8          0       4537   iic.o
        64          0          0          0          0       1352   list.o
        56         12          0         25        544     299218   main.o
       132         22          0          0          0       1347   misc.o
       354         84          0         12          0       4479   port.o
       362         38          0          0          0       3475   queue.o
       392         14         26          0          0       2876   rtc.o
        36          8        336          0       1024        804   startup_stm32f10x_cl.o
       494         16          0          0          0       8924   stm32f10x_adc.o
        72         10          0          0          0       2440   stm32f10x_bkp.o
       124         18          0          0          0       2159   stm32f10x_dac.o
       428          8          0          0          0       4188   stm32f10x_dma.o
       282          0          0          0          0       2311   stm32f10x_gpio.o
       496         14          0          0          0       8127   stm32f10x_i2c.o
       232         36          0          8       1024       4818   stm32f10x_it.o
        12          6          0          0          0        454   stm32f10x_pwr.o
       484         70          0         20          0       7573   stm32f10x_rcc.o
       156         30          0          0          0       2674   stm32f10x_rtc.o
       452         62          0          0          0       5368   stm32f10x_tim.o
       478          6          0          0          0       6722   stm32f10x_usart.o
       328         28          0          0          0       1741   system_stm32f10x.o
       816        222          0         68        740      14160   tasks.o
       238         16          0          0          0       1826   tim.o
       314         20          0          0          0       1611   uart.o

    ----------------------------------------------------------------------
      8848        872        396        160       3332     402976   Object Totals
         0          0         32          0          0          0   (incl. Generated)
        22          0          2          3          0          0   (incl. Padding)

    ----------------------------------------------------------------------

      Code (inc. data)   RO Data    RW Data    ZI Data      Debug   Library Member Name

         0          0          0          0          0          0   entry.o
         0          0          0          0          0          0   entry10a.o
         0          0          0          0          0          0   entry11a.o
         4          0          0          0          0          0   entry12b.o
         8          4          0          0          0          0   entry2.o
         4          0          0          0          0          0   entry5.o
         0          0          0          0          0          0   entry7b.o
         0          0          0          0          0          0   entry8b.o
         8          4          0          0          0          0   entry9a.o
        30          0          0          0          0          0   handlers.o
        36          8          0          0          0         68   init.o
         0          0          0          0          0          0   iusefp.o
        30          0          0          0          0         68   llshl.o
        36          0          0          0          0         68   llsshr.o
        32          0          0          0          0         68   llushr.o
        36          0          0          0          0         68   memcpya.o
      2218         90          0          0          0        464   printfa.o
         0          0          0          4          0          0   stdout.o
        44          0          0          0          0         80   uidiv.o
        98          0          0          0          0         92   uldiv.o
        48          0          0          0          0         68   cdrcmple.o
       334          0          0          0          0        148   dadd.o
       222          0          0          0          0        100   ddiv.o
       186          0          0          0          0        176   depilogue.o
        48          0          0          0          0         68   dfixul.o
       228          0          0          0          0         96   dmul.o

    ----------------------------------------------------------------------
      3656        106          0          4          0       1632   Library Totals
         6          0          0          0          0          0   (incl. Padding)

    ----------------------------------------------------------------------

      Code (inc. data)   RO Data    RW Data    ZI Data      Debug   Library Name

      2584        106          0          4          0        976   mc_w.l
      1066          0          0          0          0        656   mf_w.l

    ----------------------------------------------------------------------
      3656        106          0          4          0       1632   Library Totals

    ----------------------------------------------------------------------

==============================================================================


      Code (inc. data)   RO Data    RW Data    ZI Data      Debug   

     12504        978        396        164       3332     397636   Grand Totals
     12504        978        396        164       3332     397636   ELF Image Totals
     12504        978        396        164          0          0   ROM Totals

==============================================================================

    Total RO  Size (Code + RO Data)                12900 (  12.60kB)
    Total RW  Size (RW Data + ZI Data)              3496 (   3.41kB)
    Total ROM Size (Code + RO Data + RW Data)      13064 (  12.76kB)

==============================================================================

